ah </unk> b ae l ax n s t </unk> b ah jh ax t </unk> k oh n s t ih t y uw sh ax n l </unk> ax m eh n d m ax n t </unk> w ih l </unk> ax m iy l ia r ey t </unk> ih t </unk> </s> </unk>
ax b ae n d ax n ih ng </unk> ah </unk> n y uw k l ia </unk> p aw ax </unk> p l aa n t </unk> k oh s t </unk> ah </unk> y uw t ih l ih t iy </unk> ah </unk> b ah n d l </unk> </s> </unk>
ah </unk> b ae ng k </unk> s p ow k s m ax n </unk> s ax d </unk> dh ae t </unk> d iy t ey l z </unk> ax v </unk> dh ow z </unk> l ow n z </unk> w ow n t </unk> b iy </unk> n ow n </unk> ah n t ih l </unk> dh ax </unk> d eh l ih g ey sh n </unk> k ax m p l iy t s </unk> ih t s </unk> w er k </unk> </s> </unk>
