ah </unk> b ae l ax n s t </unk> b ah jh ax t </unk> k oh n s t ih t y uw sh ax n l </unk> ax m eh n d m ax n t </unk> w ih l </unk> ax m iy l ia r ey t </unk> ih t </unk> </s> </unk>
ax b ae n d ax n ih ng </unk> ah </unk> n y uw k l ia </unk> p aw ax </unk> p l aa n t </unk> k oh s t </unk> ah </unk> y uw t ih l ih t iy </unk> ah </unk> b ah n d l </unk> </s> </unk>
