H E </unk> F I G U R E S </unk> T H A T </unk> H E </unk> G E T S </unk> A </unk> M U C H </unk> B E T T E R </unk> R E T U R N </unk> T H A T </unk> W A Y </unk> T H A N </unk> B Y </unk> P U T T I N G </unk> M O N E Y </unk> I N </unk> T H E </unk> B A N K </unk> </s> </unk>
O R D E R S </unk> F O R </unk> M I L I T A R Y </unk> A I R C R A F T </unk> H A V E </unk> F A L L E N </unk> T W E N T Y </unk> P E R C E N T </unk> I N </unk> T H E </unk> P A S T </unk> T W O </unk> Y E A R S </unk> A C C O R D I N G </unk> T O </unk> S O M E </unk> E S T I M A T E S </unk> </s> </unk>
