H E </unk> F I G U R E S </unk> T H A T </unk> H E </unk> G E T S </unk> A </unk> M U C H </unk> B E T T E R </unk> R E T U R N </unk> T H A T </unk> W A Y </unk> T H A N </unk> B Y </unk> P U T T I N G </unk> M O N E Y </unk> I N </unk> T H E </unk> B A N K </unk> </s> </unk>
O R D E R S </unk> F O R </unk> M I L I T A R Y </unk> A I R C R A F T </unk> H A V E </unk> F A L L E N </unk> T W E N T Y </unk> P E R C E N T </unk> I N </unk> T H E </unk> P A S T </unk> T W O </unk> Y E A R S </unk> A C C O R D I N G </unk> T O </unk> S O M E </unk> E S T I M A T E S </unk> </s> </unk>
A </unk> F E D </unk> E C O N O M I S T </unk> S U G G E S T E D </unk> T H I S </unk> L A R G E </unk> I N C R E A S E </unk> M A Y </unk> R E F L E C T </unk> S L O W E R </unk> G R O W T H </unk> E A R L I E R </unk> I N </unk> T H E </unk> Y E A R </unk> A S </unk> C O N S U M E R S </unk> U S E D </unk> H O M E </unk> E Q U I T Y </unk> L O A N S </unk> T O </unk> P A Y </unk> O F F </unk> C R E D I T </unk> C A R D </unk> B A L A N C E S </unk> </s> </unk>
