HH ER </unk> R IY L </unk> IH S T EY T </unk> K L AY AH N T S </unk> W ER </unk> B R EY S IH NG </unk> T AH </unk> S AH F ER </unk> AH N D ER </unk> AH </unk> R IH V AY Z D </unk> T AE K S </unk> K OW D </unk> P AA S AH B L IY </unk> AH </unk> HH AA R B IH N JH ER </unk> AH V </unk> HH AA R D ER </unk> T AY M Z </unk> F ER </unk> HH ER </unk> K AH M P AH N IY </unk> EH Z </unk> W EH L </unk> </s> </unk>
AH N D </unk> DH EH R </unk> W AH Z </unk> AH </unk> K AH N T IH N Y UW IH NG </unk> S T R IY M </unk> AH V </unk> F EY L Y ER Z </unk> IH N </unk> D AE L AH S IH Z </unk> D IH P R EH S T </unk> R IY L </unk> IH S T EY T </unk> AH N D </unk> EH N ER JH IY </unk> S EH K T ER Z </unk> </s> </unk>
P AW ER </unk> F AY N AE N SH AH L </unk> IH Z </unk> AH </unk> F AY N AE N SH AH L </unk> S ER V AH S AH Z </unk> K AH N S ER N </unk> DH AH T </unk> IH Z </unk> S IH K S T IY </unk> N AY N </unk> P ER S EH N T </unk> HH EH L D </unk> B AY </unk> P AW ER </unk> K AO R P ER EY SH AH N </unk> AH V </unk> K AE N AH D AH </unk> AH </unk> M AH N T R IY AO L </unk> B EY S T </unk> HH OW L D IH NG </unk> K AH M P AH N IY </unk> </s> </unk>
M AH N T R IY AO L </unk> T R AH S T K OW </unk> IH Z </unk> DH AH </unk> P EH R AH N T </unk> AH V </unk> M AH N T R IY AO L </unk> T R AH S T </unk> K AH M P AH N IY </unk> </s> </unk>
EY </unk> K AH N EY D IY AH N </unk> T R AH S T </unk> K AH M P AH N IY </unk> IH Z </unk> S IH M AH L ER </unk> T UW </unk> EY </unk> Y UW </unk> EH S </unk> S EY V IH NG Z </unk> AH N D </unk> L OW N </unk> AH S OW S IY EY SH AH N </unk> </s> </unk>
K R IH T IH K S </unk> AH V </unk> DH AH </unk> D AY R EH K T ER </unk> HH AE V </unk> AA R G Y UW D </unk> DH AH T </unk> HH IY </unk> F AA L OW D </unk> AH </unk> K AE L K Y AH L EY T AH D </unk> P AE T ER N </unk> AH V </unk> R IY M UW V IH NG </unk> HH IH M S EH L F </unk> F R AH M </unk> N AA L IH JH </unk> AH V </unk> W AH T </unk> DH AH </unk> F AO R M ER </unk> N AE SH N AH L </unk> S IH K Y UH R AH T IY </unk> K AW N S AH L </unk> S T AE F </unk> M EH M B ER </unk> W AH Z </unk> D UW IH NG </unk> </s> </unk>
M IH S T ER </unk> K EY S IY </unk> HH AH Z </unk> K AE S T </unk> HH IH M S EH L F </unk> EH Z </unk> T EY K IH NG </unk> AO R D ER Z </unk> IH N </unk> S AH M </unk> K EY S IH Z </unk> F R AH M </unk> DH AH </unk> L UW T EH N AH N T </unk> K ER N AH L </unk> AH </unk> S AO R S </unk> S EH D </unk> </s> </unk>
M AO R </unk> JH EH N ER AH L IY </unk> W IH TH IH N </unk> DH AH </unk> S IY </unk> AY </unk> EY </unk> AA P ER AH T IH V Z </unk> ER </unk> V EY G </unk> AH B AW T </unk> W AH T </unk> DH EY </unk> AH B Z ER V D </unk> AH V </unk> DH AH </unk> P R AY V AH T </unk> S AH P L AY </unk> N EH T W ER K </unk> </s> </unk>
SH AH K AA G OW </unk> S EH N T R AH L </unk> AH N D </unk> P AH S IH F IH K </unk> IH Z </unk> W AH N </unk> AH V </unk> AH </unk> S L UW </unk> AH V </unk> N Y UW </unk> R EY L R OW D Z </unk> DH AH T </unk> ER </unk> B IY IH NG </unk> K R IY EY T AH D </unk> AE Z </unk> M EY JH ER </unk> R EY L R OW D Z </unk> S EH L </unk> L AY T L IY </unk> Y UW Z D </unk> T R AE K S </unk> </s> </unk>
M AO R </unk> DH AH N </unk> W AH N </unk> HH AH N D ER D </unk> F IH F T IY </unk> AH V </unk> DH AH M </unk> HH AE V </unk> B IH N </unk> F AO R M D </unk> S IH N S </unk> N AY N T IY N </unk> EY T IY </unk> K AH M P EH R D </unk> W IH TH </unk> F AO R T IY </unk> S EH V AH N </unk> D UH R IH NG </unk> DH AH </unk> N AY N T IY N </unk> S EH V AH N T IY Z </unk> DH AH </unk> F EH D R AH L </unk> R EY L R OW D </unk> AE D M IH N IH S T R EY SH AH N </unk> S EH Z </unk> </s> </unk>
M OW S T </unk> ER </unk> SH AO R T </unk> L AY N Z </unk> W IH TH </unk> F Y UW ER </unk> DH AH N </unk> W AH N </unk> HH AH N D ER D </unk> M AY L Z </unk> AH N D </unk> S AH M </unk> ER </unk> M AH CH </unk> L AO NG G ER </unk> R IY JH AH N AH L </unk> L AY N Z </unk> AH V </unk> M AO R </unk> DH AH N </unk> F AY V </unk> HH AH N D ER D </unk> M AY L Z </unk> </s> </unk>
AE Z </unk> HH AH Z </unk> B IH N </unk> DH IY </unk> K EY S </unk> IH N </unk> R IY S AH N T </unk> K W AO R T ER Z </unk> DH AH </unk> K AH M P AH N IY Z </unk> AE K SH AH L </unk> R IH Z AH L T S </unk> W ER </unk> M AE S K T </unk> B AY </unk> S EH V R AH L </unk> S P EH SH AH L </unk> CH AA R JH IH Z </unk> </s> </unk>
B IH F AO R </unk> AH </unk> S IH K S </unk> M IH L Y AH N </unk> D AO L ER </unk> L AO S </unk> F R AH M </unk> D IH S K AH N T IH N Y UW D </unk> AA P ER EY SH AH N Z </unk> F IH L IH P S </unk> HH AE D </unk> P R AA F AH T </unk> F R AH M </unk> K AH N T IH N Y UW IH NG </unk> AA P ER EY SH AH N Z </unk> AH V </unk> S EH V AH N T IY N </unk> M IH L Y AH N </unk> D AO L ER Z </unk> AO R </unk> F AY V </unk> S EH N S </unk> AH </unk> SH EH R </unk> </s> </unk>
DH AE T </unk> P R AA F AH T </unk> IH N K L UW D AH D </unk> AH </unk> T W EH L V </unk> M IH L Y AH N </unk> D AO L ER </unk> G EY N </unk> F ER M </unk> AE S EH T </unk> S EY L Z </unk> AH N D </unk> AH N </unk> EY T </unk> M IH L Y AH N </unk> D AO L ER </unk> CH AA R JH </unk> F ER M </unk> S T AE F </unk> R IY D AH K SH AH N Z </unk> </s> </unk>
W IH DH </unk> R EH R </unk> IH K S EH P SH AH N Z </unk> S AH CH </unk> B AA N D Z </unk> T R IH G ER </unk> P ER S IH N IH L </unk> IH N K AH M </unk> T AE K S </unk> IY CH </unk> Y IH R </unk> AO N </unk> DH AH </unk> TH IY ER EH T IH K AH L </unk> AH K Y UW M Y AH L EY SH AH N </unk> AO R </unk> AH K R IY SH AH N </unk> AH V </unk> IH N T R AH S T </unk> </s> </unk>
DH AE T </unk> M IY N Z </unk> IH N V EH S T ER Z </unk> P EY </unk> T AE K S </unk> AA N </unk> M AH N IY </unk> DH EY </unk> HH AE V AH N </unk> Y EH T </unk> R IH S IY V D </unk> </s> </unk>
IH F </unk> DH AH </unk> B AA N D Z </unk> ER </unk> B AO T </unk> F AO R </unk> AH N </unk> AY </unk> AA R </unk> EY </unk> HH AW EH V ER </unk> N OW </unk> T AE K S </unk> IH Z </unk> D Y UW </unk> AH N T IH L </unk> DH AH </unk> M AH N IY </unk> IH Z </unk> W IH TH D R AO N </unk> </s> </unk>
DH AH </unk> SH EH R Z </unk> K EH R IY </unk> AE N </unk> IH N IH SH AH L </unk> AE N Y UW AH L </unk> D IH V IH D EH N D </unk> AH V </unk> F AO R </unk> P OY N T </unk> S IH K S </unk> T UW </unk> F AY V </unk> P ER S EH N T </unk> </s> </unk>
IH N </unk> AH </unk> D AH CH </unk> AO K SH AH N </unk> DH AH </unk> SH EH R Z </unk> ER </unk> B AO T </unk> AE N D </unk> S OW L D </unk> AE T </unk> F EY S </unk> V AE L Y UW </unk> OW N L IY </unk> DH AH </unk> D IH V IH D EH N D </unk> R EY T </unk> IH Z </unk> S AH B JH IH K T </unk> T AH </unk> CH EY N JH </unk> </s> </unk>
IH N T ER N AE SH AH N AH L </unk> L IY S </unk> AE N </unk> EH R K R AE F T </unk> L IY S IH NG </unk> K AH M P AH N IY </unk> S EH D </unk> IH T </unk> W AH L </unk> Y UW Z </unk> P R AH S IY D Z </unk> F ER </unk> JH EH N R AH L </unk> P ER P AH S IH Z </unk> T UW </unk> AH K W AY ER </unk> EH R K R AE F T </unk> AH N D </unk> T AH </unk> R IH T AY R </unk> SH AO R T </unk> T ER M </unk> D EH T </unk> </s> </unk>
DH AH </unk> K AH M P AH N IY </unk> IH Z </unk> B EY S T </unk> IH N </unk> B EH V ER L IY </unk> HH IH L Z </unk> K AE L AH F AO R N Y AH </unk> </s> </unk>
DH AH </unk> S EH N AH T </unk> AH P R UW V D </unk> AH </unk> N AY N </unk> P OY N T </unk> F AO R </unk> B IH L Y AH N </unk> D AO L ER </unk> S AH P L AH M EH N T AH L </unk> AH P R OW P R IY EY SH AH N Z </unk> B IH L </unk> F ER </unk> F IH S K AH L </unk> N AY N T IY N </unk> EY T IY </unk> S EH V AH N </unk> W IH CH </unk> W AH Z </unk> AH M EH N D AH D </unk> T UW </unk> R IH K W AY ER </unk> IH M AH G R AH N T S </unk> T UW </unk> AH N D ER G OW </unk> EY D Z </unk> T EH S T IH NG </unk> </s> </unk>
IH T </unk> W AH Z </unk> P AE S T </unk> S EH V AH N T IY </unk> W AH N </unk> T AH </unk> T W EH N T IY </unk> TH R IY </unk> </s> </unk>
DH IY </unk> AH M EH N D M AH N T </unk> W AH Z </unk> DH AH </unk> F ER S T </unk> K AH N G R EH SH AH N AH L </unk> B AE K IH NG </unk> F AO R </unk> M AE N D AH T AO R IY </unk> S K R IY N IH NG </unk> F ER </unk> DH AH </unk> D IH Z IY Z </unk> </s> </unk>
S AH DH ER N </unk> K AE L AH F AO R N Y AH </unk> EH D IH S AH N </unk> HH AH Z </unk> AH B AW T </unk> AH </unk> S EH V AH N T IY </unk> F AY V </unk> P ER S EH N T </unk> IH N T R AH S T </unk> IH N </unk> DH AH </unk> P L AE N T </unk> W IH CH </unk> IH Z </unk> AH B AW T </unk> HH AE F W EY </unk> B IY T W IY N </unk> L AO S </unk> AE N JH AH L IH S </unk> AH N D </unk> S AE N </unk> D IY EY G OW </unk> </s> </unk>
DH AH </unk> P L AE N T S </unk> F ER S T </unk> Y UW N AH T </unk> B IY G AE N </unk> K AH M ER SH AH L </unk> AA P ER EY SH AH N </unk> IH N </unk> N AY N T IY N </unk> EY T IY </unk> TH R IY </unk> F AA L OW IH NG </unk> AH </unk> S EH K AH N D </unk> Y UW N IH T </unk> IH N </unk> N AY N T IY N </unk> EY T IY </unk> F AO R </unk> </s> </unk>
DH AH </unk> JH AE P AH N IY Z </unk> S T AA K </unk> M AA R K AH T </unk> IH Z </unk> AH W AA SH </unk> W IH DH </unk> L IH K W IH D IH T IY </unk> M IH S T ER </unk> G R AE N T </unk> S EH Z </unk> </s> </unk>
B AH T </unk> IH N </unk> JH UW N </unk> S AH D AH N L IY </unk> W IH DH </unk> N OW </unk> AH P EH R AH N T </unk> D R EY N IH JH </unk> IH T </unk> W EH N T </unk> D AW N </unk> AH N D </unk> K EH P T </unk> G OW IH NG </unk> D AW N </unk> HH IY </unk> S EH Z </unk> </s> </unk>
W AH T </unk> IH Z </unk> AH </unk> M IH S T ER IY </unk> T AH </unk> M IH S T ER </unk> G R AE N T </unk> AH N D </unk> M EH N IY </unk> AH DH ER Z </unk> IH Z </unk> DH AH T </unk> DH AH </unk> T OW K IY OW </unk> M AA R K IH T </unk> HH AH Z </unk> S IH N S </unk> S T EY JH D </unk> AH </unk> V IH G ER AH S </unk> R IY B AW N D </unk> </s> </unk>
DH AH </unk> F EY T </unk> AH V </unk> M EH N IY </unk> EY </unk> EH M </unk> S IY </unk> IH M P L OY IY Z </unk> IH Z </unk> AH N S ER T AH N </unk> </s> </unk>
M IH S T ER </unk> AY AH K OW K AH </unk> S EH D </unk> L AE S </unk> M AH N TH </unk> K R AY S L ER </unk> M AY T </unk> B IY </unk> EY B AH L </unk> T AH </unk> K IY P </unk> HH AE F </unk> AH V </unk> EY </unk> EH M </unk> S IY Z </unk> IH M P L OY IY Z </unk> </s> </unk>
L OW K AH L </unk> N UW Z P EY P ER Z </unk> Y EH S T ER D EY </unk> S EH D </unk> DH AH </unk> G AH V ER M AH N T </unk> M EY </unk> K W AA L AH F AY </unk> DH AH </unk> D IH S IH ZH AH N </unk> T AH </unk> S AY N </unk> DH IY </unk> R IY S T R AH K CH ER IH NG </unk> AH G R IY M AH N T </unk> </s> </unk>
B AH T </unk> AH F IH SH AH L </unk> S AO R S AH Z </unk> S EH D </unk> DH AH </unk> S AY N IH NG </unk> IH Z </unk> L AY K L IY </unk> T AH </unk> T EY K </unk> P L EY S </unk> D ER IH NG </unk> DH AH </unk> L AE S T </unk> W IY K </unk> IH N </unk> S EH P T EH M B ER </unk> </s> </unk>
DH AH </unk> S AY N IH NG </unk> D EH D L AY N </unk> IH Z </unk> AA K T OW B ER </unk> F ER S T </unk> </s> </unk>
IH N </unk> K ER R IY AH </unk> L EY B ER </unk> K AA N F L IH K S </unk> HH AE V </unk> AE D AH D </unk> HH IY T </unk> T AH </unk> DH IY </unk> AH N S T EY B AH L </unk> P AH L IH T IH K AH L </unk> S IH CH UW EY SH AH N </unk> </s> </unk>
K AH M P AH N IY Z </unk> K IY P </unk> AE S K IH NG </unk> DH AH </unk> G AH V ER M AH N T </unk> T IH </unk> S M AE SH </unk> DH IY </unk> Y UW N Y AH N Z </unk> </s> </unk>
B AH T </unk> DH AH </unk> R UW L IH NG </unk> P AA R T IY </unk> K AE N T </unk> R IH S K </unk> EY L IY AH N EY T IH NG </unk> W ER K ER Z </unk> HH UW </unk> W IH L </unk> V OW T </unk> IH N </unk> DH AH </unk> K AH M IH NG </unk> IH L EH K SH AH N Z </unk> </s> </unk>
IH T </unk> R IH F Y UW Z IH Z </unk> S OW </unk> F AA R </unk> T AH </unk> B AE K T R AE K </unk> AO N </unk> IH T S </unk> JH AH L AY </unk> F ER S T </unk> P R AA M AH S </unk> AH V </unk> G R EY T ER </unk> D IH M AA K R AH S IY </unk> AO R </unk> T AH </unk> R IH T ER N </unk> T AH </unk> DH AH </unk> P AA L AH S IY </unk> AH V </unk> OW V ER T </unk> Y UW N Y AH N </unk> B AH S T IH NG </unk> </s> </unk>
DH AH </unk> B AE NG K </unk> HH OW L D IH NG </unk> K AH N S ER N </unk> S EH D </unk> IH T </unk> AH G R IY D </unk> T UW </unk> IH K S CH EY N JH </unk> IH L EH V AH N </unk> P OY N T </unk> F AO R </unk> S IH K S </unk> S IH K S </unk> D AH M IH N Y AH N </unk> K AA M AH N </unk> SH EH R Z </unk> F ER </unk> IY CH </unk> AH V </unk> S IH T IH Z AH N Z </unk> SH EH R Z </unk> AW T S T AE N D IH NG </unk> </s> </unk>
S IH T IH Z AH N Z </unk> IH Z </unk> DH AH </unk> P EH R AH N T </unk> AH V </unk> S IH T IH Z AH N Z </unk> Y UW N Y AH N </unk> B AE NG K </unk> W IH CH </unk> R IH P AO R T AH D </unk> AE S EH T S </unk> AH V </unk> W AH N </unk> HH AH N D ER D </unk> S IH K S T IY </unk> F AY V </unk> P OY N T </unk> F AO R </unk> M IH L Y AH N </unk> D AO L ER Z </unk> AE Z </unk> AH V </unk> JH UW N </unk> TH ER T IY AH TH </unk> </s> </unk>
D AH M IH N Y AH N </unk> HH AE D </unk> AE S EH T S </unk> AH V </unk> S EH V AH N </unk> P OY N T </unk> TH R IY </unk> B IH L Y AH N </unk> D AO L ER Z </unk> AE Z </unk> AH V </unk> JH UW N </unk> TH ER T IY AH TH </unk> </s> </unk>
DH AH </unk> P AH L IY S </unk> AH N D </unk> DH AH </unk> T R UW P S </unk> IH SH UW </unk> M AO R </unk> W AO R N IH NG Z </unk> AH N D </unk> W IH TH D R UW </unk> F ER DH ER </unk> S AW TH </unk> T AH W AO R D </unk> DH AH </unk> B R IH JH </unk> </s> </unk>
S UW N </unk> DH AH </unk> K R AW D </unk> AH G EY N </unk> B IH G IH N Z </unk> T AH </unk> M UW V </unk> IH N </unk> DH AE T </unk> D ER EH K SH AH N </unk> </s> </unk>
DH EY </unk> T R IY T </unk> AH S </unk> L AY K </unk> D AO G Z </unk> R AO R Z </unk> M ER S EY D IY Z </unk> L OW P EH Z </unk> HH UW </unk> HH AH Z </unk> K AH M </unk> F ER M </unk> L IY AA N </unk> </s> </unk>
AH </unk> S P OW K S M AH N </unk> F ER </unk> K R EY </unk> D IH S K R AY B D </unk> DH IY </unk> EH M </unk> AY </unk> T IY </unk> D IH S IH ZH AH N </unk> AE Z </unk> G UH D </unk> N Y UW Z </unk> </s> </unk>
AH S UW M IH NG </unk> DH AH </unk> B IH D IH NG </unk> D IH Z </unk> N AA T </unk> OW P AH N </unk> AH P </unk> AH G EH N </unk> IH T </unk> M IY N Z </unk> DH AH T </unk> DH EH R Z </unk> R UW M </unk> F ER </unk> T EH K N IH K AH L </unk> K AH N S IH D ER EY SH AH N Z </unk> AE N D </unk> N AA T </unk> K AH N S IH D ER EY SH AH N Z </unk> B EY S T </unk> P Y UH R L IY </unk> AA N </unk> P R AY S </unk> </s> </unk>
DH AH </unk> S P OW K S M AH N </unk> S EH D </unk> IH T </unk> W UH D </unk> HH AE V </unk> B IH N </unk> IH M P AA S AH B AH L </unk> F ER </unk> K R EY </unk> T UW </unk> IH N S T AO L </unk> AH N D </unk> AA P ER EY T </unk> AH </unk> K AH M P L IY T </unk> S UW P ER K AH M P Y UW T ER </unk> S IH S T AH M </unk> AE T </unk> DH AH </unk> P R AY S IH Z </unk> EH M </unk> AY </unk> T IY </unk> W AA N T AH D </unk> T IH </unk> P EY </unk> </s> </unk>
AY D IY L IY </unk> AH </unk> K AE M P EY N Z </unk> F R IY </unk> M IY D IY AH </unk> AE N D </unk> P EY D </unk> M IY D IY AH </unk> M EH SH </unk> S IY M L AH S L IY </unk> W AH N </unk> R IY IH N F AO R S IH NG </unk> DH IY </unk> AH DH ER </unk> </s> </unk>
P R EH Z IH D AH N T </unk> R EY G AH N Z </unk> N AY N T IY N </unk> EY T IY </unk> F AO R </unk> R IY </unk> IH L EH K SH AH N </unk> EH F ER T </unk> M EY </unk> HH AE V </unk> S EH T </unk> AH </unk> N Y UW </unk> S T AE N D ER D </unk> IH N </unk> DH IH S </unk> R IH G AA R D </unk> </s> </unk>
R AE L IY Z </unk> W ER </unk> M AH T IH K Y AH L AH S L IY </unk> S T EY JH D </unk> T UW </unk> R IY IH N F AO R S </unk> DH AH </unk> K AE M P EY N Z </unk> M EH S AH JH </unk> AH V </unk> P EY T R IY AH T IH Z AH M </unk> AH N D </unk> AA P T AH M IH Z AH M </unk> </s> </unk>
DH AH </unk> R IH Z AH L T </unk> W AH Z </unk> N Y UW Z </unk> F UH T IH JH </unk> DH AH T </unk> L UH K T </unk> L AY K </unk> DH AH </unk> K AE M P EY N Z </unk> K AH M ER SH AH L Z </unk> </s> </unk>
HH AW EH V ER </unk> S AH CH </unk> AH N </unk> AH G R IY M AH N T </unk> M EY </unk> Y EH T </unk> AH K ER </unk> </s> </unk>
DH EH R Z </unk> AH </unk> L AO T </unk> B R UW IH NG </unk> HH IY R </unk> S EH D </unk> W AH N </unk> S AO R S </unk> K L OW S </unk> T UW </unk> AE P AH L </unk> </s> </unk>
DH IH S </unk> IH Z </unk> OW N L IY </unk> DH AH </unk> F ER S T </unk> AH V </unk> S EH V R AH L </unk> R IY L EY T AH D </unk> AH N AW N S M AH N T S </unk> AH N D </unk> AH N D ER T EY K IH NG Z </unk> </s> </unk>
DH AH </unk> S AO R S </unk> S EH D </unk> T EH K N IH K AH L </unk> AH G R IY M AH N T S </unk> ER </unk> IY Z IY ER </unk> T AH </unk> HH AE M ER </unk> AW T </unk> DH AH N </unk> M AA R K AH T IH NG </unk> AH G R IY M AH N T S </unk> </s> </unk>
M IH S T ER </unk> G R OW V M AH N </unk> S EH D </unk> IH N T R AH S T </unk> R EY T S </unk> ER </unk> DH AH </unk> K IY </unk> T UW </unk> AH </unk> S T R AO NG </unk> S T AA K </unk> M AA R K IH T </unk> R AE L IY </unk> </s> </unk>
IH T S </unk> IH N IH S K EY P AH B AH L </unk> HH IY </unk> S EH D </unk> </s> </unk>
IH N </unk> AO R D ER </unk> F ER </unk> P IY P AH L </unk> T UW </unk> AY DH ER </unk> AE N T IH S AH P EY T </unk> B EH T ER </unk> ER N IH NG Z </unk> AO R </unk> P EY </unk> M AO R </unk> F ER </unk> K ER AH N T </unk> ER N IH NG Z </unk> W IY </unk> HH AE V </unk> T AH </unk> HH AE V </unk> R EY T S </unk> G OW </unk> D AW N </unk> </s> </unk>
T EY K OW V ER Z </unk> K AH N </unk> HH EH L P </unk> T R EY D IH NG </unk> W IH DH IH N </unk> AH </unk> R EY N JH </unk> B AH T </unk> T AH </unk> B AH S T </unk> AW T </unk> W IY V </unk> G AA T </unk> T AH </unk> HH AE V </unk> DH AH </unk> B AA N D </unk> M AA R K IH T </unk> B AH S T IH NG </unk> AW T </unk> </s> </unk>
K R EY </unk> AO R EH D IY </unk> HH AH Z </unk> S OW L D </unk> T UW </unk> AH V </unk> DH AH </unk> N Y UW </unk> K AH M P Y UW T ER Z </unk> </s> </unk>
AO L </unk> T OW L D </unk> K R EY </unk> S IH Z </unk> IH T </unk> IH K S P EH K S </unk> T AH </unk> S EH L </unk> F AO R </unk> W AY </unk> EH M </unk> P IY Z </unk> DH IH S </unk> Y IH R </unk> AH N D </unk> P ER HH AE P S </unk> AH </unk> D AH Z AH N </unk> N EH K S T </unk> Y IH R </unk> AH B AW T </unk> EH Z </unk> M EH N IY </unk> EH Z </unk> IH T </unk> K AH N </unk> B IH L D </unk> </s> </unk>
DH AH </unk> G AH V ER M AH N T S </unk> L OW S </unk> AE L AH M OW Z </unk> N AE SH N AH L </unk> L AE B R AH T AO R IY </unk> K AH N F ER M D </unk> IH T </unk> IH Z </unk> B AY IH NG </unk> DH AH </unk> F ER S T </unk> M AH SH IY N Z </unk> T UW </unk> AE D </unk> T UW </unk> W AH T </unk> AH </unk> S P OW K S M AH N </unk> D IH S K R AY B D </unk> EH Z </unk> DH AH </unk> W ER L D Z </unk> M OW S </unk> P AW ER F AH L </unk> S AY AH N T IH F IH K </unk> K AH M P Y UW T IH NG </unk> N EH T W ER K </unk> </s> </unk>
DH IY Z </unk> D EY Z </unk> R EH P R IH Z EH N T AH T IH V </unk> D IH NG G AH L </unk> S EH Z </unk> K AH N G R EH SH AH N AH L </unk> P AW ER </unk> IH Z </unk> M AH CH </unk> M AO R </unk> D IH F Y UW S </unk> </s> </unk>
N OW </unk> S IH NG G AH L </unk> M EH M B ER </unk> N AA T </unk> IY V IH N </unk> AH </unk> V EH T R AH N </unk> CH EH R M AH N </unk> L AY K </unk> HH IH M S EH L F </unk> K AH N </unk> AE K T </unk> W IH DH </unk> DH AH </unk> IH M P Y UW N IH T IY </unk> AH V </unk> DH AH </unk> B AE R AH N Z </unk> AH V </unk> OW L D </unk> </s> </unk>
DH IY </unk> AO R D AH N EH R IY </unk> M EH M B ER Z </unk> HH AE V </unk> AH CH IY V D </unk> M AH CH </unk> M AO R </unk> P AW ER </unk> TH R UW AW T </unk> DH IY </unk> IH N S T IH T UW SH AH N </unk> HH IY </unk> S EH Z </unk> </s> </unk>
T AH D EY </unk> DH AH </unk> CH EH R M IH N </unk> ER </unk> N EH T </unk> L UW Z ER Z </unk> </s> </unk>
M IH S T ER </unk> SH AO R T EH L </unk> AH N D </unk> D AA K T ER </unk> HH Y UW Z </unk> S EY </unk> P EY SH AH N T </unk> K EH R </unk> M EY </unk> HH AE V </unk> B IH N </unk> HH ER T </unk> B AY </unk> K AO S T </unk> K AH T IH NG </unk> IH N </unk> S EH V R AH L </unk> EH R IY AH Z </unk> S AH CH </unk> EH Z </unk> HH AA S P IH T AH L Z </unk> S L AE SH IH NG </unk> AH V </unk> N ER S IH NG </unk> S T AE F S </unk> </s> </unk>
M EH N IY </unk> HH AA S P IH T AH L Z </unk> K AH T </unk> B AE K </unk> AO N </unk> N ER S IH Z </unk> IH N </unk> DH IY </unk> ER L IY </unk> N AY N T IY N </unk> EY T IY Z </unk> AH N D </unk> HH AE V AH N T </unk> B IH N </unk> EY B AH L </unk> T AH </unk> R EY Z </unk> S AE L ER IY Z </unk> IH N AH F </unk> T AH </unk> L UH R </unk> DH AH M </unk> B AE K </unk> </s> </unk>
AE T </unk> L IY S T </unk> IH F </unk> DH AH </unk> K AA N D AH K T </unk> IH Z </unk> F R IY K W AH N T </unk> AO R </unk> IH N T EH N S </unk> AH </unk> JH AH JH </unk> IH N </unk> F AO R T </unk> W ER TH </unk> T EH K S AH S </unk> S EH D </unk> </s> </unk>
DH IY </unk> K EY S </unk> IH N V AA L V D </unk> AH </unk> S EH K R AH T EH R IY </unk> AE T </unk> D AH B AH L </unk> D AY M AH N D </unk> IH N K AO R P ER EY T AH D </unk> AH </unk> T EH K S AH S </unk> R IY L </unk> IH S T EY T </unk> D IH V EH L AH P ER </unk> </s> </unk>
W EH N </unk> SH IY </unk> B IY G AE N </unk> W ER K </unk> DH AH </unk> M AE N AH JH ER </unk> AE S T </unk> HH ER </unk> IH F </unk> SH IY </unk> F UW L D </unk> ER AW N D </unk> </s> </unk>
DH AH </unk> M AE N AH JH ER </unk> T W AY S </unk> F OW N D </unk> AH N D </unk> AE S T </unk> HH ER </unk> T AH </unk> P AE N T </unk> HH EH V AH L IY </unk> AH N D </unk> W AH N S </unk> P UH L D </unk> HH ER </unk> AA N T UW </unk> HH IH Z </unk> L AE P </unk> </s> </unk>
HH IY </unk> AO L S OW </unk> T R AE P T </unk> HH ER </unk> AH G EH N S T </unk> DH AH </unk> D AO R </unk> IH N </unk> HH IH Z </unk> AO F AH S </unk> </s> </unk>
AH N K AH N V IH N S T </unk> DH AH </unk> HH AE R IH S B ER G </unk> S IH T IY </unk> K AW N S AH L </unk> IH N </unk> EY P R AH L </unk> P AE S T </unk> AH N </unk> AO R D AH N AH N S </unk> R IY K W AY R IH NG </unk> L OW K AH L </unk> IH M P L OY ER Z </unk> W IH TH </unk> T EH N </unk> AO R </unk> M AO R </unk> IH M P L OY IY Z </unk> T AH </unk> G IH V </unk> AH P </unk> T AH </unk> T W EH L V </unk> W IY K S </unk> AH V </unk> AH N P EY D </unk> P ER EH N T AH L </unk> L IY V </unk> </s> </unk>
HH EH R IH S B ER G </unk> IH Z </unk> B IH L IY V D </unk> T AH </unk> B IY </unk> DH AH </unk> F ER S T </unk> Y UW </unk> EH S </unk> S IH T IY </unk> T AH </unk> P AE S </unk> S AH CH </unk> AH </unk> S T AE CH UW T </unk> AH N D </unk> IH T </unk> IH Z </unk> M AH CH </unk> S T R IH K T ER </unk> DH AH N </unk> EH N IY </unk> S T EY T </unk> L EH JH AH S L EY SH AH N </unk> </s> </unk>
F ER </unk> IH N S T AH N S </unk> W IH S K AA N S AH N </unk> P AE S T </unk> AH </unk> P ER EH N T AH L </unk> L IY V </unk> L AO </unk> IH N </unk> EY P R AH L </unk> W IH CH </unk> P R AH V AY D Z </unk> F ER </unk> OW N L IY </unk> S IH K S </unk> W IY K S </unk> AH V </unk> AH N P EY D </unk> L IY V </unk> AE N D </unk> IH G Z EH M P T S </unk> K AH M P AH N IY Z </unk> W IH TH </unk> F Y UW ER </unk> DH AH N </unk> F IH F T IY </unk> IH M P L OY IY Z </unk> </s> </unk>
IY </unk> S IY </unk> AH F IH SH AH L Z </unk> AA R G Y UW </unk> DH AH T </unk> IH N K R IY S T </unk> K R AO S B AO R D ER </unk> M ER JH ER Z </unk> AH N D </unk> AE K W AH Z IH SH AH N Z </unk> IH N </unk> Y UH R AH P </unk> HH AE V </unk> M EY D </unk> AE N T AY T R AH S T </unk> IH SH UW Z </unk> M AO R </unk> DH AH N </unk> AH </unk> N AE SH N AH L </unk> AH F EH R </unk> </s> </unk>
IH N </unk> DH IY </unk> AY R IH SH </unk> D IH S T IH L ER Z </unk> B IH D </unk> N OW </unk> S IH NG G AH L </unk> G AH V ER M AH N T </unk> W AH Z </unk> IH N </unk> AH </unk> P AH Z IH SH AH N </unk> T IH </unk> S T AH D IY </unk> DH IY </unk> AH F EH K T </unk> AH V </unk> DH AH </unk> M ER JH ER </unk> AO N </unk> DH IY </unk> Y UH R AH P IY AH N </unk> W IH S K IY </unk> M AA R K IH T </unk> </s> </unk>
IY </unk> S IY </unk> AH F IH SH AH L Z </unk> S EY </unk> W IH S K IY </unk> P R AY S IH Z </unk> W UH D </unk> HH AE V </unk> R IH Z AH N </unk> TH R UW AW T </unk> DH IY </unk> IY </unk> S IY </unk> </s> </unk>
DH IY </unk> EY JH AH N S IY Z </unk> S T EY T M AH N T </unk> AH B AW T </unk> P AA S AH B L IY </unk> CH AA R JH IH NG </unk> F IY Z </unk> AO N </unk> DH AH </unk> R IY S T R IH K T AH D </unk> K EH M IH K AH L Z </unk> D R UW </unk> SH AA R P </unk> K R IH T IH S IH Z AH M </unk> F R AH M </unk> P R AH D UW S ER Z </unk> </s> </unk>
IY </unk> P IY </unk> EY </unk> AH F IH SH AH L Z </unk> S EY </unk> DH EY </unk> AA R </unk> K AH N S ER N D </unk> DH AE T </unk> R IY S T R IH K T IH NG </unk> DH AH </unk> S AH P L AY </unk> AH V </unk> DH AH </unk> K EH M IH K AH L Z </unk> K UH D </unk> K AO Z </unk> AH </unk> S IH K S F OW L D </unk> IH N K R IY S </unk> IH N </unk> P R AY S </unk> </s> </unk>
DH AE T </unk> JH AH M P </unk> DH IY </unk> EY JH AH N S IY </unk> TH IH NG K S </unk> K UH D </unk> B IY </unk> AH N </unk> IY K AH N AA M IH K </unk> IH N S EH N T IH V </unk> T AH </unk> D IH L EY </unk> SH IH F T IH NG </unk> P ER D AH K SH AH N </unk> T AH </unk> S AH B S T AH T UW T </unk> K EH M IH K AH L Z </unk> L EH S </unk> HH AA R M F AH L </unk> T AH </unk> DH IY </unk> OW Z OW N </unk> </s> </unk>
DH IY </unk> EY JH AH N S IY </unk> EH S T AH M EY T S </unk> DH AH T </unk> EH K S T R AH </unk> P R AA F IH T S </unk> JH EH N ER EY T AH D </unk> AH N T IH L </unk> T UW </unk> TH AW Z AH N D </unk> W UH D </unk> T OW T AH L </unk> B IH T W IY N </unk> W AH N </unk> P OY N T </unk> EY T </unk> B IH L Y AH N </unk> D AO L ER Z </unk> AH N D </unk> S EH V AH N </unk> P OY N T </unk> T UW </unk> B IH L Y AH N </unk> D AO L ER Z </unk> </s> </unk>
AY </unk> W AH Z </unk> EH N V IY AH S </unk> AH V </unk> M AY </unk> T IY M Z </unk> S N AE CH ER </unk> AH </unk> T AO L </unk> S K IH N IY </unk> N ER S </unk> AH N T IH L </unk> AY </unk> S AO </unk> W AH T </unk> SH IY </unk> HH AE D </unk> T UW </unk> IH N D UH R </unk> IH N </unk> DH AH </unk> N EY M </unk> AH V </unk> EH S P R IY </unk> D AH </unk> K AO R </unk> </s> </unk>
HH ER </unk> T AO R S OW </unk> W AH Z </unk> T AO T </unk> W IH TH </unk> T EH N SH AH N </unk> L IY N IH NG </unk> AW T </unk> B IY AO N D </unk> DH AH </unk> B AH M P IY </unk> D R AE G AH N Z </unk> HH EH D </unk> AH P AA N </unk> W IH CH </unk> SH IY </unk> R EH S T AH D </unk> HH ER </unk> S T AH M AH K </unk> </s> </unk>
IY V IH N </unk> W EH N </unk> K AH M P L EY N T S </unk> ER </unk> F AY L D </unk> DH EY </unk> K AE N </unk> B IY </unk> D IH F AH K AH L T </unk> T UW </unk> V EH R AH F AY </unk> </s> </unk>
EY JH AH N S IY Z </unk> JH EH N ER AH L IY </unk> D OW N </unk> Y UW Z </unk> AH N D ER K AH V ER </unk> T EH S T AH Z </unk> P OW Z IH NG </unk> AE Z </unk> P R AH S P EH K T IH V </unk> T EH N AH N T S </unk> AE Z </unk> DH EY </unk> D UW </unk> IH N </unk> R EY S </unk> D IH S K R IH M AH N EY SH AH N </unk> K AH M P L EY N T S </unk> DH EY </unk> F IH R </unk> DH AH T </unk> DH AH </unk> T EH S T ER </unk> K UH D </unk> B IY </unk> AH T AE K T </unk> </s> </unk>
IH N S T EH D </unk> DH EY </unk> T R AY </unk> T AH </unk> B IH L D </unk> K EY S IH Z </unk> AA N </unk> DH IY </unk> T EH S T AH M OW N IY </unk> AH V </unk> K ER AH N T </unk> AH N D </unk> F AO R M ER </unk> T EH N AH N T S </unk> </s> </unk>
JH IY </unk> EH M Z </unk> P R AA F IH T </unk> P L AH N JH D </unk> S EH V AH N T IY </unk> P ER S EH N T </unk> IH N </unk> DH AH </unk> F AO R TH </unk> K AO R T ER </unk> P AA R T L IY </unk> F R AH M </unk> DH AH </unk> K AO S T </unk> AH V </unk> P L AE N T </unk> K L OW Z IH NG Z </unk> AH N D </unk> AH DH ER </unk> IH F IH SH AH N S IY </unk> M UW V Z </unk> </s> </unk>
K R AY S L ER Z </unk> N EH T </unk> JH AH M P T </unk> F IH F T IY </unk> W AH N </unk> P ER S EH N T </unk> </s> </unk>
M IY N W AY L </unk> JH IY </unk> EH M </unk> CH EH R M AH N </unk> S M IH TH </unk> HH AE Z </unk> L AO N CH T </unk> AH </unk> P AH B L IH K </unk> R IY L EY SH AH N Z </unk> EH F ER T </unk> T AH </unk> K W EH L </unk> K R IH T IH S IH Z AH M </unk> AH V </unk> HH IH Z </unk> L IY D ER SH IH P </unk> </s> </unk>
DH IY </unk> EH K AH N AA M IH K </unk> F AO L AW T </unk> SH UH D AH N T </unk> B IY </unk> IH G N AO R D </unk> HH AW EH V ER </unk> </s> </unk>
P R AH V IH ZH AH N </unk> IH N </unk> DH AH </unk> S P EH N D IH NG </unk> B IH L </unk> R IY K W AY ER Z </unk> DH AH T </unk> AE T </unk> L IY S T </unk> W AH N </unk> TH ER D </unk> AH V </unk> DH AH </unk> R IH P EH R </unk> AH N D </unk> OW V ER HH AO L </unk> W ER K </unk> AO N </unk> SH IH P S </unk> B IY </unk> D AH N </unk> L OW K AH L IY </unk> AE T </unk> DH EH R </unk> HH OW M </unk> P AO R T S </unk> </s> </unk>
DH AE T </unk> M EY K S </unk> IH T </unk> AH </unk> B IH G </unk> D IY L </unk> F ER </unk> T AA D </unk> AE N D </unk> L AA K HH IY D </unk> M IH S T ER </unk> D IH K S </unk> S EH Z </unk> R IH F ER IH NG </unk> T AH </unk> T UW </unk> P Y UW JH IH T </unk> S AW N D </unk> SH IH P Y AA R D Z </unk> </s> </unk>
R EY G AH N </unk> S EH D </unk> IH T </unk> W AH Z </unk> T AY M </unk> T AH </unk> M UW V </unk> AO N </unk> F R AH M </unk> IH N S AY D </unk> W AO SH IH NG T AH N </unk> P AA L AH T IH K S </unk> </s> </unk>
DH AH </unk> P R EH Z IH D AH N T S </unk> K AA M EH N T S </unk> K EY M </unk> AH </unk> D EY </unk> AE F T ER </unk> HH IY </unk> K AH N S IY D IH D </unk> DH AH T </unk> HH IH Z </unk> IH R AA N </unk> P AA L AH S IY </unk> W AO Z </unk> EY </unk> M IH S T EY K </unk> </s> </unk>
DH AH </unk> W AY T </unk> HH AW S </unk> M IY N W AY L </unk> S AO T </unk> T UW </unk> R IH G EY N </unk> P AH L IH T AH K AH L </unk> M OW M EH N T AH M </unk> AE N D </unk> B IY G AE N </unk> W EY IH NG </unk> S AH CH </unk> AY D IY AH Z </unk> EH Z </unk> AH </unk> B AH JH IH T </unk> S AH M AH T </unk> AE N D </unk> AH </unk> R EY G AH N </unk> S P IY K IH NG </unk> T UH R </unk> </s> </unk>
AE T </unk> D AH B AH L Y UW </unk> EH F </unk> AY </unk> EY </unk> R AH N IH NG </unk> DH AH </unk> F AO R M Y AH L AH </unk> L AO S T </unk> JH AE N Y UW EH R IY </unk> TH ER T IY AH TH </unk> M EH N T </unk> B AY IH NG </unk> M AO R </unk> DH AH N </unk> T UW </unk> HH AH N D ER D </unk> TH AW Z AH N </unk> SH EH R Z </unk> AH V </unk> R IY B AA K </unk> K W IH K L IY </unk> </s> </unk>
DH AE T S </unk> B IH K AA Z </unk> D AH B AH L Y UW </unk> EH F </unk> AY </unk> EY </unk> L AY K S </unk> T UW </unk> OW N </unk> AO L </unk> DH AH </unk> S T AA K S </unk> IH N </unk> DH IY </unk> EH S </unk> AH N D </unk> P IY </unk> F AY V </unk> HH AH N D R IH D </unk> IH N D EH K S </unk> IH N </unk> AH M AW N T S </unk> S K EY L D </unk> T AH </unk> DH EH R </unk> M AA R K IH T </unk> W EY T </unk> </s> </unk>
DH OW Z </unk> HH OW L D IH NG Z </unk> R EY N JH </unk> F ER M </unk> M AO R </unk> DH AH N </unk> W AH N </unk> P OY N T </unk> F AO R </unk> B IH L Y AH N </unk> D AO L ER Z </unk> AH V </unk> AY </unk> B IY </unk> EH M </unk> T AH </unk> JH AH S T </unk> S IH K S </unk> HH AH N D ER D </unk> S EH V AH N T IY </unk> TH R IY </unk> TH AW Z AH N </unk> D AO L ER Z </unk> AH V </unk> AE L IH S </unk> CH AA M ER Z </unk> K AO R P ER EY SH AH N </unk> </s> </unk>
W EH DH ER </unk> AH N D </unk> T UW </unk> W AH T </unk> IH K S T EH N T </unk> S T EY T S </unk> M EY </unk> R EH G Y AH L EY T </unk> T EY K OW V ER Z </unk> HH AE Z </unk> B IH N </unk> AH </unk> HH AA T L IY </unk> K AH N T EH S T AH D </unk> L IY G AH L </unk> IH SH UW </unk> EH V ER </unk> S IH N S </unk> V ER JH IH N Y AH </unk> P AE S T </unk> DH AH </unk> F ER S T </unk> S T EY T </unk> T EH N D ER </unk> AO F ER </unk> L AO </unk> IH N </unk> N AY N T IY N </unk> S IH K S T IY </unk> EY T </unk> </s> </unk>
B AY </unk> N AY N T IY N </unk> EY T IY </unk> T UW </unk> TH ER T IY </unk> S EH V AH N </unk> S T EY T S </unk> HH AE D </unk> AH D AA P T AH D </unk> T EH N D ER </unk> AO F ER </unk> L AO Z </unk> </s> </unk>
B AH T </unk> DH AE T </unk> Y IH R </unk> DH AH </unk> S AH P R IY M </unk> K AO R T </unk> S T R AH K </unk> D AW N </unk> IH L IH N OY Z </unk> L AO </unk> AE Z </unk> AH N K AA N S T AH T UW SH AH N AH L </unk> IH N </unk> AH </unk> R UW L IH NG </unk> DH AE T </unk> K AE S T </unk> D AW T </unk> AA N </unk> DH AH </unk> V AH L IH D IH T IY </unk> AH V </unk> DH AH </unk> L AO Z </unk> AH V </unk> AO L </unk> TH ER T IY </unk> S EH V AH N </unk> S T EY T S </unk> </s> </unk>
IY V IH N </unk> HH IY R </unk> DH EH R </unk> IH Z </unk> D IH S AH G R IY M AH N T </unk> </s> </unk>
IH N </unk> S W IH T S ER L AH N D </unk> S EH V ER AH L </unk> AO F ER IH NG Z </unk> AH V </unk> W AO R AH N T S </unk> F ER </unk> G OW L D </unk> W ER </unk> P R AY S T </unk> W IH TH </unk> P R IY M IY AH M Z </unk> R EY N JH IH NG </unk> F ER M </unk> IY L EH V AH N </unk> AH N D </unk> W AH N </unk> HH AE F </unk> P ER S EH N T </unk> T AH </unk> N IH R L IY </unk> EY T IY N </unk> P ER S EH N T </unk> </s> </unk>
DH EH R Z </unk> AH </unk> L AA T </unk> AH V </unk> AA B F AH S K EY SH AH N </unk> B AY </unk> Y UW R OW B AA N D </unk> AH N D ER R AY T ER Z </unk> AH </unk> K AO R P R AH T </unk> F AY N AE N S </unk> S P EH SH AH L AH S T </unk> AE T </unk> AH </unk> B IH G </unk> Y UW </unk> EH S </unk> IH N V EH S M AH N T </unk> B AE NG K </unk> S EH Z </unk> </s> </unk>
DH AH </unk> S T R AH K CH ER </unk> AH V </unk> DH AH </unk> S IH K Y UH R AH T IY </unk> F R IY K W AH N T L IY </unk> D IH S G AY Z IH Z </unk> IH T S </unk> IH N HH EH R AH N T </unk> V AE L Y UW </unk> HH IY </unk> S EH Z </unk> </s> </unk>
B AH T </unk> AH </unk> D IH V EH L AH P M AH N T </unk> L AY K </unk> OW L EH S T R AH </unk> AE K S EH L ER EY T S </unk> AE N D </unk> IH G Z AE S ER B EY T S </unk> AH </unk> T R EH N D </unk> DH AE T </unk> HH AE Z </unk> IH N AO R M AH S </unk> D EY N JH ER Z </unk> K AH N T EH N Z </unk> M IH S T ER </unk> SH AH P IH R OW </unk> DH AH </unk> M AA R K IH T </unk> R IY S ER CH ER </unk> </s> </unk>
HH IY </unk> W ER IY Z </unk> DH AE T </unk> EH Z </unk> K AH N S UW M ER Z </unk> AA P T </unk> F ER </unk> DH IY </unk> EH N JH AH N IY R D </unk> P R AA D AH K S </unk> DH EY </unk> ER </unk> N OW </unk> L AO NG G ER </unk> B AA DH ER IH NG </unk> T UW </unk> IY T </unk> R IY L </unk> B AE L AH N S T </unk> M IY L Z </unk> </s> </unk>
IH N S T EH D </unk> HH IY </unk> S EH Z </unk> DH EH R </unk> IY T IH NG </unk> OW N L IY </unk> F ER </unk> S EH N S EY SH AH N </unk> </s> </unk>
JH AH JH </unk> DH AH M </unk> AA N </unk> DH EH R </unk> P ER S AH N AE L IH T IY </unk> JH AH JH </unk> DH EH M </unk> AA N </unk> EH N IY TH IH NG </unk> Y UW </unk> W AO N T </unk> DH AH </unk> M AE S T ER </unk> AH V </unk> S EH R AH M OW N IY Z </unk> T EH L Z </unk> DH AH </unk> K R AW D </unk> </s> </unk>
DH IH S </unk> IH Z </unk> S IH R IY AH S </unk> S T AH F </unk> HH IY R </unk> S IH Z </unk> T AA M </unk> SH R AY R </unk> T W EH N T IY </unk> F AO R </unk> AE D M AY R IH NG </unk> W AH N </unk> K AH N T EH S T AH N T </unk> </s> </unk>
SH IY Z </unk> G AA T </unk> T AE T UW Z </unk> AE N D </unk> EH V R IY TH IH NG </unk> </s> </unk>
N UW K L IY ER </unk> P AW ER </unk> R IH M EY N Z </unk> T AH D EY </unk> F R AO T </unk> W IH TH </unk> P AH T EH N CH AH L </unk> F ER </unk> G R EY T </unk> D EY N JH ER </unk> T IH </unk> HH Y UW M AH N </unk> L AY F </unk> M IH S T ER </unk> M IH K V AH </unk> R OW T </unk> </s> </unk>
K AA NG G R AH S </unk> DH AH S </unk> L IH M IH T IH D </unk> DH AH </unk> D IH S K R EH SH AH N </unk> AH V </unk> DH AH </unk> K AH M IH SH AH N </unk> IH N </unk> K AE R IY IH NG </unk> AW T </unk> DH AH </unk> M AE N D EY T </unk> T UW </unk> IH N SH UH R </unk> AE D AH K W AH T </unk> P ER T EH K SH AH N </unk> DH AH </unk> P AH B L IH K </unk> HH EH L TH </unk> AE N D </unk> S EY F T IY </unk> </s> </unk>
K AA NG G R AH S </unk> L EH F T </unk> N OW </unk> R UW M </unk> F ER </unk> DH AH </unk> K AH M IH SH AH N </unk> W IH N </unk> AA P ER EY T IH NG </unk> W IH DH IH N </unk> DH IH S </unk> S F IH R </unk> T UW </unk> Y UW Z </unk> K AO S T </unk> B EH N AH F IH T </unk> AH N AE L AH S AH S </unk> </s> </unk>
B OW TH </unk> S AY D Z </unk> V Y UW </unk> DH AH </unk> S AH P AO R T </unk> AH V </unk> DH AH </unk> M IH D AH L </unk> K L AE S </unk> AE Z </unk> K R UW SH AH L </unk> </s> </unk>
IH T </unk> W AH Z </unk> M IH D AH L </unk> K L AE S </unk> S AH P AO R T </unk> F ER </unk> S T UW D AH N T </unk> D EH M AH N S T R EY T ER Z </unk> IH N </unk> JH UW N </unk> DH AH T </unk> F AO R S T </unk> DH AH </unk> G AH V ER M AH N T </unk> T UW </unk> R IH V ER S </unk> IH T S EH L F </unk> AH N D </unk> AH K S EH P T </unk> DH AH </unk> P R IH N S AH P AH L </unk> AH V </unk> D AY R EH K T </unk> IH L EH K SH AH N Z </unk> </s> </unk>
AA P AH Z IH SH AH N </unk> P AA L AH T IH SH AH N Z </unk> HH OW P </unk> T AH </unk> S W IY P </unk> IH N T AH </unk> P AW ER </unk> AO N </unk> AH </unk> T AY D </unk> AH V </unk> M IH D AH L </unk> K L AE S </unk> AE N T IH P AH TH IY </unk> T AH </unk> M IH L IH T EH R IY </unk> R UW L </unk> </s> </unk>
M IY N W AY L </unk> DH AH </unk> R UW L IH NG </unk> P AA R T IY </unk> B IH L IY V Z </unk> DH AE T </unk> R AY Z IH NG </unk> AH N R EH S T </unk> W IH L </unk> IH N </unk> DH IY </unk> EH N D </unk> K AO Z </unk> DH AH </unk> M IH D AH L </unk> K L AE S </unk> T IH </unk> S AY D </unk> W IH DH </unk> L AO </unk> AH N D </unk> AO R D ER </unk> </s> </unk>
DH AH </unk> D EH N V ER </unk> P ER CH AH S </unk> R EH P R AH Z EH N T S </unk> DH AH </unk> TH ER D </unk> M EY JH ER </unk> AE K W AH Z IH SH AH N </unk> M IH S T ER </unk> S IH NG G AH L T AH N Z </unk> K AH M P AH N IY </unk> HH AE Z </unk> M EY D </unk> IH N </unk> M AA R K IH T S </unk> W IH DH </unk> D IH P R EH S T </unk> OY L </unk> AH N D </unk> R IY L </unk> IH S T EY T </unk> IY K AA N AH M IY Z </unk> </s> </unk>
HH IY </unk> S EH D </unk> HH IY </unk> B IH L IY V Z </unk> DH IY </unk> OY L </unk> IH K AA N AH M IY </unk> HH AE Z </unk> B AA T AH M D </unk> AW T </unk> AE N D </unk> IH Z </unk> SH OW IH NG </unk> S AY N Z </unk> AH V </unk> IH M P R UW V M AH N T S </unk> </s> </unk>
TH R IY </unk> Y IH R Z </unk> F ER M </unk> N AW </unk> DH IY Z </unk> W AH L </unk> AO L </unk> B IY </unk> AW T S T AE N D IH NG </unk> M AA R K IH T S </unk> HH IY </unk> P R AH JH EH K T AH D </unk> </s> </unk>
DH IY Z </unk> ER </unk> L AO NG </unk> T ER M </unk> P L EY Z </unk> </s> </unk>
HH IH Z </unk> L AO NG </unk> R IY L AH K T AH N S </unk> T IH </unk> S T IH M Y AH L EY T </unk> DH AH </unk> W EH S T </unk> JH ER M AH N </unk> IH K AA N AH M IY </unk> HH AE Z </unk> IH G Z AE S P ER EY T IH D </unk> AH DH ER </unk> W EH S T ER N </unk> L IY D ER Z </unk> </s> </unk>
AE T </unk> HH OW M </unk> HH IH Z </unk> D IH T ER M AH N EY SH AH N </unk> T AH </unk> P UH SH </unk> TH R UW </unk> AH </unk> T AE K S </unk> AO N </unk> IH N T R AH S T </unk> IH N K AH M </unk> F ER M </unk> IH N V EH S T M AH N T S </unk> HH AE Z </unk> N EH T AH L D </unk> B IH Z N IH S M EH N </unk> </s> </unk>
DH IY </unk> AE D M IH N IH S T R EY SH AH N </unk> IH K S P EH K T S </unk> EH K AH N AA M IH K </unk> G R OW TH </unk> T UW </unk> R IY B AW N D </unk> AE F T ER </unk> DH IY </unk> IH F EH K S </unk> AH V </unk> DH AH </unk> S T AA K </unk> M AA R K IH T </unk> K R AE SH </unk> W EY N </unk> </s> </unk>
IH T </unk> F AO R K AE S </unk> AH </unk> TH R IY </unk> P OY N T </unk> F AY V </unk> P ER S EH N T </unk> G R OW TH </unk> R EY T </unk> F ER </unk> N AY N T IY N </unk> EY T IY </unk> N AY N </unk> AH N D </unk> N AY N T IY N </unk> N AY N T IY </unk> AE N D </unk> S T EH D AH L IY </unk> F AA L IH NG </unk> IH N T R IH S T </unk> R EY T S </unk> AE N D </unk> IH N F L EY SH AH N </unk> R EY T S </unk> </s> </unk>
B AH T </unk> F AO R K AE S T ER Z </unk> IH N S AY D </unk> G AH V ER N M AH N T </unk> AE N D </unk> AW T </unk> HH AE V </unk> AH </unk> P UW R </unk> R EH K ER D </unk> IH N </unk> P R IH D IH K T IH NG </unk> EH K AH N AA M IH K </unk> T R EH N D Z </unk> DH AE T </unk> F AA R </unk> IH N </unk> DH AH </unk> F Y UW CH ER </unk> </s> </unk>
R IH M EH M B ER </unk> DH AH </unk> W AH N </unk> AH B AW T </unk> DH IY </unk> IH N V EH S M AH N T </unk> B AE NG K ER </unk> </s> </unk>
IH T </unk> W AH Z </unk> W AY D L IY </unk> T OW L D </unk> S ER K AH </unk> AA K T OW B ER </unk> N AY N T IY N TH </unk> N AY N T IY N </unk> EY T IY </unk> S EH V AH N </unk> AH N D </unk> W EH N T </unk> L AY K </unk> DH IH S </unk> W AH T </unk> D UW </unk> Y UW </unk> K AO L </unk> AH N </unk> IH N V EH S M AH N T </unk> B AE NG K ER </unk> </s> </unk>
HH EY </unk> W EY T ER </unk> </s> </unk>
B AH T </unk> R AY N IY </unk> AO L S OW </unk> IH Z </unk> DH IY </unk> EY JH AH N S IY </unk> F ER </unk> AO S T AH N </unk> R OW V ER </unk> K AA Z </unk> AH V </unk> N AO R TH </unk> AH M EH R IH K AH Z </unk> S T ER L IH NG </unk> K AA Z </unk> </s> </unk>
AO S T AH N </unk> R OW V ER </unk> IH Z </unk> DH IY </unk> Y UW </unk> EH S </unk> S EY L Z </unk> AA R M </unk> AH V </unk> R OW V ER </unk> G R UW P </unk> P IY </unk> EH L </unk> S IY </unk> AH V </unk> B R IH T AH N </unk> </s> </unk>
S AH M </unk> AE D </unk> IH G Z EH K Y AH T IH V Z </unk> S EH D </unk> DH AE T </unk> K UH D </unk> P OW Z </unk> AH </unk> P AH T EH N SH AH L </unk> K AA N F L IH K T </unk> IH F </unk> R AY N IY </unk> W IH N Z </unk> DH AH </unk> S AE T ER N </unk> K AA M P AH T IH SH AH N </unk> </s> </unk>
DH IY </unk> AA N T R AH P R AH N ER IY AH L </unk> Y UW N IH T S </unk> Y UW ZH AH L IY </unk> S T R AH G AH L </unk> T AH </unk> K IY P </unk> AH </unk> K AH M F ER T AH B AH L </unk> D IH S T AH N S </unk> F ER M </unk> DH AH </unk> P EH R AH N T </unk> K AH M P AH N IY </unk> </s> </unk>
B AH T </unk> DH EH R </unk> K AE N </unk> B IY </unk> B EH N AH F IH T S </unk> F R AH M </unk> D R AO IH NG </unk> AO N </unk> AH </unk> W EH L </unk> N OW N </unk> K AO R P ER AH T </unk> N EY M </unk> </s> </unk>
W EH N </unk> W IY </unk> K AO L </unk> AA N </unk> R IY T EY L ER Z </unk> AE N D </unk> T R AY </unk> T AH </unk> G EH T </unk> AH </unk> N Y UW </unk> P R AA D AH K T </unk> AA N </unk> DH AH </unk> SH EH L F </unk> W IY </unk> D UW </unk> L IY V ER IH JH </unk> AA R </unk> AH S OW SH IY EY SH AH N </unk> W IH TH </unk> K OW L G EY T </unk> M IH S T ER </unk> S P EH L IH NG </unk> S EH Z </unk> </s> </unk>
HH IY R </unk> AA R </unk> P R AY S </unk> T R EH N Z </unk> AA N </unk> DH AH </unk> W ER L D Z </unk> M EY JH ER </unk> S T AA K </unk> M AA R K IH T S </unk> AE Z </unk> K AE L K Y AH L EY T AH D </unk> B AY </unk> M AO R G AH N </unk> S T AE N L IY </unk> K AE P AH T AH L </unk> IH N T ER N AE SH AH N AH L </unk> P ER S P EH K T IH V </unk> JH AH N IY V AH </unk> </s> </unk>
T AH </unk> M EY K </unk> DH AH M </unk> D AY R EH K L IY </unk> K AH M P EH R AH B AH L </unk> IY CH </unk> IH N D EH K S </unk> IH Z </unk> B EY S T </unk> AO N </unk> DH AH </unk> K L OW Z </unk> AH V </unk> N AY N T IY N </unk> S IH K S T IY </unk> N AY N </unk> IY K W AH L IH NG </unk> W AH N </unk> HH AH N D ER D </unk> </s> </unk>
DH AH </unk> P ER S EH N T IH JH </unk> CH EY N JH </unk> IH Z </unk> S IH N S </unk> Y IH R </unk> EH N D </unk> </s> </unk>
S AH CH </unk> AE K S AH D AH N T S </unk> AE Z </unk> DH AH </unk> W AH N </unk> AE T </unk> SH EH V R AA N </unk> IH K S P L EY N </unk> K AH M P AH N IY </unk> R UW L Z </unk> DH AH T </unk> HH AY </unk> AH F IH SH AH L Z </unk> K AE N T </unk> F L AY </unk> T AH G EH DH ER </unk> </s> </unk>
AE T </unk> SH EH V R AA N </unk> N OW </unk> M AO R </unk> DH AH N </unk> T UW </unk> S IY N Y ER </unk> AO F AH S ER Z </unk> IH N </unk> DH AH </unk> S EY M </unk> CH EY N </unk> AH V </unk> K AH M AE N D </unk> AO R </unk> T UW </unk> D IH P AA R T M AH N T </unk> HH EH D Z </unk> K AE N </unk> B IY </unk> AA N </unk> DH AH </unk> S EY M </unk> P L EY N </unk> </s> </unk>
AE L AY D </unk> S IH G N AH L </unk> L IH M IH T S </unk> T AH </unk> TH R IY </unk> DH AH </unk> N AH M B ER </unk> AH V </unk> T AO P </unk> AO F AH S ER Z </unk> HH UW </unk> K AH N </unk> T R AE V AH L </unk> T AH G EH DH ER </unk> AH B AW T </unk> F IH F T IY N </unk> P IY P AH L </unk> AA R </unk> K AH V ER D </unk> B AY </unk> DH IH S </unk> R UW L </unk> </s> </unk>
D EY N AH </unk> K AO R P ER EY SH AH N </unk> HH AE Z </unk> IH N F AO R M AH L </unk> R UW L Z </unk> AH B AW T </unk> W EH R </unk> T AO P </unk> AO F IH S ER Z </unk> K AH N </unk> T R AE V AH L </unk> </s> </unk>
W IY </unk> K IY P </unk> AA R </unk> AY </unk> AO N </unk> R IY L </unk> T R AH B AH L </unk> S P AA T S </unk> AH V </unk> DH AH </unk> W ER L D </unk> AH N D </unk> AH D V AY Z </unk> P IY P AH L </unk> AH B AW T </unk> DH AH M </unk> S EH Z </unk> AH </unk> S P OW K S M AH N </unk> </s> </unk>
DH AH </unk> D AW </unk> JH OW N Z </unk> IH N D AH S T R IY AH L </unk> AE V ER IH JH </unk> G EY N D </unk> N AY N T IY N </unk> P OY N T </unk> S EH V AH N </unk> TH R IY </unk> T UW </unk> K L OW Z </unk> AE T </unk> T UW </unk> TH AW Z AH N D </unk> W AH N </unk> HH AH N D ER D </unk> F AO R T IY </unk> W AH N </unk> P OY N T </unk> S EH V AH N </unk> W AH N </unk> </s> </unk>
V AA L Y UW M </unk> AO N </unk> DH AH </unk> N Y UW </unk> Y AO R K </unk> S T AA K </unk> IH K S CH EY N JH </unk> T OW T AH L D </unk> T UW </unk> HH AH N D ER D </unk> T W EH N T IY </unk> S EH V AH N </unk> P OY N T </unk> F AO R </unk> M IH L Y AH N </unk> SH EH R Z </unk> B AH T </unk> IH T </unk> IH N K L UW D IH D </unk> S AH M </unk> S IH K S T IY </unk> F AY V </unk> M IH L Y AH N </unk> SH EH R Z </unk> AH V </unk> D IH V IH D EH N D </unk> R IY L EY T AH D </unk> T R EY D IH NG </unk> </s> </unk>
AH D V AE N S IH NG </unk> B IH G </unk> B AO R D </unk> IH SH UW Z </unk> AW T N AH M B ER D </unk> L UW Z ER Z </unk> W AH N </unk> TH AW Z AH N D </unk> W AH N </unk> HH AH N D ER D </unk> S IH K S T IY </unk> F AO R </unk> T UW </unk> F AO R </unk> HH AH N D ER D </unk> IH L EH V AH N </unk> </s> </unk>
W AY L </unk> DH AH </unk> F EH D R AH L </unk> G AH V ER N M AH N T </unk> B IH M OW N Z </unk> DH AH </unk> D IH T IH R IY ER EY T IH NG </unk> K W AA L AH T IY </unk> AH V </unk> Y UW </unk> EH S </unk> EH JH AH K EY SH AH N </unk> S T EY T S </unk> S AH CH </unk> EH Z </unk> S AW TH </unk> K EH R AH L AY N AH </unk> HH AE V </unk> B IH N </unk> AE K T IH NG </unk> T AH </unk> T ER N </unk> DH AH </unk> S IH CH UW EY SH AH N </unk> ER AW N D </unk> </s> </unk>
N Y UW </unk> JH ER Z IY </unk> F ER </unk> IH N S T AH N S </unk> HH AE Z </unk> L AO N CH T </unk> AO L T ER N AH T IH V </unk> S ER T AH F AH K EY SH AH N </unk> F ER </unk> T IY CH ER Z </unk> OW P AH N IH NG </unk> AH P </unk> DH AH </unk> F IY L D </unk> T UW </unk> M EH N IY </unk> T AE L AH N T AH D </unk> P IY P AH L </unk> W IH TH </unk> N OW </unk> F AO R M AH L </unk> EH JH AH K EY SH AH N </unk> T R EY N IH NG </unk> </s> </unk>
M IH N IH S OW T AH </unk> AH L AW Z </unk> S T UW D AH N T S </unk> T UW </unk> AH T EH N D </unk> EH N IY </unk> P AH B L IH K </unk> S K UW L </unk> IH N </unk> DH AH </unk> S T EY T </unk> DH AE T </unk> W AH L </unk> HH AE V </unk> DH AH M </unk> T EY K IH NG </unk> M AH N IY </unk> AH W EY </unk> F ER M </unk> S K UW L Z </unk> DH AE T </unk> L UW Z </unk> K IH D Z </unk> </s> </unk>
M AE S AH CH UW S AH T S </unk> IH Z </unk> P AY L AH T IH NG </unk> AH </unk> S K UW L </unk> B EY S T </unk> M AE N IH JH M AH N T </unk> P R OW G R AE M </unk> DH AH T </unk> T EY K S </unk> P AW ER </unk> AH W EY </unk> F ER M </unk> S EH N T R AH L </unk> D IH S T R IH K T </unk> AO F AH S IH Z </unk> AE N D </unk> G IH V Z </unk> T IY CH ER Z </unk> M AO R </unk> AH TH AO R AH T IY </unk> IH N </unk> S T AE F IH NG </unk> AE N D </unk> IH N S T R AH K SH AH N AH L </unk> M EH TH AH D Z </unk> </s> </unk>
N OW </unk> W AH N D ER </unk> M IH S T ER </unk> W IH L IH S </unk> D AH Z AH N </unk> S IY M </unk> L AY K </unk> M IH S T ER </unk> SH W AO R Z AH N EY G ER </unk> IH N </unk> D AY </unk> HH AA R D </unk> </s> </unk>
N AA T </unk> IY V IH N </unk> M IH S T ER </unk> SH W AO R Z AH N EY G ER </unk> S IY M Z </unk> L AY K </unk> HH IH M S EH L F </unk> IH N </unk> DH IH S </unk> K L AH NG K IY </unk> M UW V IY </unk> </s> </unk>
DH IY </unk> Y UW ZH AH L IY </unk> B OY AH N T </unk> M AH S AH L </unk> M AE N </unk> D R AE G Z </unk> HH IH Z </unk> W EY </unk> TH R UW </unk> DH AH </unk> P IH K CH ER </unk> DH OW </unk> D ER EH K T ER </unk> W AO L T ER </unk> HH IH L </unk> P R AA B L IY </unk> SH UH D </unk> SH EH R </unk> DH AH </unk> G IH L T </unk> F ER </unk> AA R N AH L D Z </unk> AH P EH R AH N T </unk> L EH TH ER JH IY </unk> </s> </unk>
DH AH </unk> B IH G </unk> SH OW D AW N </unk> IH Z </unk> AH </unk> F EY S </unk> AO F </unk> B IY T W IY N </unk> T UW </unk> P AE S AH N JH ER </unk> B AH S IH Z </unk> </s> </unk>
DH AH </unk> G R UW P </unk> HH IY R </unk> IH N </unk> L IH B ER T IY </unk> S EH N T ER </unk> W AH Z </unk> R IH K R UW T IH D </unk> B AY </unk> AH </unk> F AA R M ER </unk> HH UW </unk> P R AA M AH S T </unk> W ER K </unk> F ER </unk> TH R IY </unk> M AH N TH S </unk> </s> </unk>
W IH DH </unk> DH AH </unk> P R AA M AH S </unk> N AW </unk> M IY N IH NG L AH S </unk> DH AH </unk> B AE N D </unk> HH AH Z </unk> T EY K AH N </unk> R EH F Y UW JH </unk> AE T </unk> DH AH </unk> M AY G R AH N T </unk> R EH S T </unk> S EH N T ER </unk> B IY AO N D </unk> DH IY </unk> Y UW ZH UW AH L </unk> TH R IY </unk> D EY </unk> L IH M AH T </unk> </s> </unk>
F ER </unk> DH AE T </unk> K AY N D N AH S </unk> DH EY </unk> TH AE NG K </unk> M ER IY AH </unk> R AA D R IY K EH Z </unk> DH AH </unk> S IH K S T IY </unk> S EH V AH N </unk> Y IH R </unk> OW L D </unk> F AO R M ER </unk> M AY G R AH N T </unk> HH UW </unk> R AH N Z </unk> DH AH </unk> SH EH L T ER </unk> </s> </unk>
DH EY </unk> K AO L </unk> HH ER </unk> AH </unk> S EY N T </unk> S AE N T AH </unk> M ER IY AH </unk> </s> </unk>
B AH T </unk> IY S T ER N </unk> IH K S K L UW D IH D </unk> AH </unk> N AH M B ER </unk> AH V </unk> HH AY </unk> T R AE F IH K </unk> HH AH B </unk> S IH T IY Z </unk> F ER M </unk> DH AH </unk> S P EH SH AH L </unk> P R OW G R AE M </unk> W IH CH </unk> IH N V AA L V Z </unk> T R AE V AH L </unk> F R AH M </unk> S EH P T EH M B ER </unk> IY L EH V AH N TH </unk> T AH </unk> D IH S EH M B ER </unk> F IH F T IY N TH </unk> </s> </unk>
F ER </unk> IH N S T AH N S </unk> SH AH K AA G OW </unk> W EH R </unk> Y UW N AY T IH D </unk> HH AE Z </unk> N UW M ER AH S </unk> D IH P AA R CH ER Z </unk> AE N D </unk> AH T L AE N T AH </unk> W EH R </unk> D EH L T AH </unk> HH AE Z </unk> S EH V ER AH L </unk> W ER </unk> IH K S K L UW D IH D </unk> F R AH M </unk> DH AH </unk> P R OW G R AE M </unk> </s> </unk>
IH N </unk> AH D IH SH AH N </unk> T IH K IH T S </unk> M AH S T </unk> B IY </unk> P ER CH AH S T </unk> F R AH M </unk> AO G AH S T </unk> F IH F T IY N TH </unk> T UW </unk> AO G AH S T </unk> T W EH N T IY </unk> S IH K S TH </unk> </s> </unk>
T R AY </unk> S T EY T </unk> M OW T ER </unk> T R AE N Z IH T </unk> S ER JH D </unk> W AH N </unk> AH N D </unk> W AH N </unk> HH AE F </unk> T AH </unk> S IH K S T IY N </unk> AE N D </unk> S EH V AH N </unk> EY T TH S </unk> </s> </unk>
AH </unk> G R UW P </unk> IH N K L UW D IH NG </unk> K AO R S EH R </unk> P AA R T N ER Z </unk> AE N D </unk> K AA N K AO R D </unk> F AH N AE N SH AH L </unk> G R UW P </unk> W IH CH </unk> R EY Z D </unk> IH T S </unk> S T EY K </unk> IH N </unk> DH AH </unk> K AH M P AH N IY </unk> T UW </unk> IH L EH V AH N </unk> P OY N T </unk> T UW </unk> S IH K S </unk> P ER S EH N T </unk> IH Z </unk> P R EH SH ER IH NG </unk> DH AH </unk> K AH M P AH N IY </unk> T UW </unk> R IY S T R AH K CH ER </unk> </s> </unk>
AH DH ER W AY Z </unk> DH AH </unk> G R UW P </unk> S EH D </unk> IH T </unk> M EY </unk> S IY K </unk> K AH N T R OW L </unk> AH V </unk> DH AH </unk> K AH M P AH N IY </unk> </s> </unk>
N UW </unk> Y AO R K </unk> S IH T IY Z </unk> B AO R D </unk> AH V </unk> EH JH AH K EY SH AH N </unk> W UH D </unk> D IH S AH G R IY </unk> </s> </unk>
M AY </unk> HH AY </unk> S K UW L Z </unk> AE D M IH N IH S T R EY SH AH N </unk> W UH D </unk> T UW </unk> </s> </unk>
AO L S OW </unk> M AY </unk> Y UW N Y AH N </unk> DH IY </unk> Y UW N AY T AH D </unk> F EH D ER EY SH AH N </unk> AH V </unk> T IY CH ER Z </unk> AE N D </unk> EH V R IY </unk> R IH P AH B L IH K AH N </unk> AH N D </unk> D EH M AH K R AE T </unk> HH UW </unk> HH AH Z </unk> EH V ER </unk> R AH N </unk> F ER </unk> P AH B L IH K </unk> AO F AH S </unk> EH N IY W EH R </unk> </s> </unk>
AE N D </unk> M OW S </unk> V IY AH M AH N T L IY </unk> AH V </unk> AO L </unk> DH AH </unk> L IY G </unk> AH V </unk> W IH M AH N </unk> V OW T ER Z </unk> </s> </unk>
M AO R OW V ER </unk> F IH R S L IY </unk> K AH M P EH T AH T IH V </unk> AO R G AH N AH Z EY SH AH N Z </unk> AO F T AH N </unk> SH AY </unk> AH W EY </unk> F ER M </unk> K AO R T R UW M </unk> K AA N F R AH N T EY SH AH N Z </unk> OW V ER </unk> B IH Z N IH S </unk> T AE K T IH K S </unk> B IH K AH Z </unk> AH V </unk> K W EH S CH AH N Z </unk> AH V </unk> IH M IH JH </unk> </s> </unk>
DH AH </unk> M AA CH OW </unk> M EH N T AE L AH T IY </unk> AH V </unk> M EH N IY </unk> K AO R P R AH T </unk> B AO R D </unk> R UW M Z </unk> D IH S D EY N Z </unk> D EH F AH M EY SH AH N </unk> S UW T S </unk> B IH K AH Z </unk> DH EY </unk> M EY K </unk> AH </unk> K AH M P AH N IY </unk> L UH K </unk> HH W AY N IY </unk> S EH Z </unk> M IH S T ER </unk> HH AE N S AH N </unk> </s> </unk>
M OW S </unk> K AH M P AH N IY Z </unk> HH IY </unk> S EH Z </unk> ER </unk> AH F R EY D </unk> T UW </unk> L UH K </unk> EH Z </unk> IH F </unk> DH EY </unk> K AE N T </unk> T EY K </unk> DH AH </unk> K AA M P AH T IH SH AH N </unk> </s> </unk>
AH </unk> R IY S EH SH AH N </unk> B IY G AE N </unk> IH N </unk> JH UW L AY </unk> N AY N T IY N </unk> EY T IY </unk> W AH N </unk> AH N D </unk> P ER S IH S T IH D </unk> AH N T IH L </unk> N OW V EH M B ER </unk> N AY N T IY N </unk> EY T IY </unk> T UW </unk> </s> </unk>
DH AH </unk> S IH K S T IY N </unk> M AH N TH </unk> S L AH M P </unk> W AH Z </unk> W AH N </unk> AH V </unk> DH AH </unk> L AO NG G AH S T </unk> AH N D </unk> M OW S </unk> S AH V IH R </unk> S IH N S </unk> DH AH </unk> G R EY T </unk> D IH P R EH SH AH N </unk> </s> </unk>
IH T </unk> W AH Z </unk> DH AH </unk> F ER S T </unk> D AW N T ER N </unk> S IH N S </unk> W ER L D </unk> W AO R </unk> T UW </unk> IH N </unk> HH W IH CH </unk> M AO R </unk> DH AH N </unk> T EH N </unk> P ER S EH N T </unk> AH V </unk> DH AH </unk> L EY B ER </unk> F AO R S </unk> W AH Z </unk> AH N EH M P L OY D </unk> </s> </unk>
R AY AH N Z </unk> F AE M L IY </unk> S T EY K </unk> HH AW S IH Z </unk> AO L S OW </unk> R OW Z </unk> R IY CH IH NG </unk> AH </unk> F IH F T IY </unk> T UW </unk> W IY K </unk> HH AY </unk> AH V </unk> EY T </unk> AH N D </unk> F AY V </unk> EY T TH S </unk> AH P </unk> HH W AH N </unk> K W AO R T ER </unk> </s> </unk>
V AA L Y UW M </unk> AH V </unk> T UW </unk> P OY N T </unk> T UW </unk> M IH L Y AH N </unk> SH EH R Z </unk> M EY D </unk> IH T </unk> DH AH </unk> M OW S T </unk> AE K T IH V </unk> OW </unk> T IY </unk> S IY </unk> IH SH UW </unk> </s> </unk>
S T AE N D ER D </unk> AH N D </unk> P UW R Z </unk> AE D AH D </unk> DH AH </unk> S T AA K </unk> T UW </unk> IH T S </unk> EH S </unk> AH N D </unk> P IY </unk> F AY V </unk> HH AH N D R IH D </unk> S T AA K </unk> IH N D EH K S </unk> T UW </unk> ER P L EY S </unk> K AH L IH N EH T </unk> S AO F T W EH R </unk> W IH CH </unk> W AH Z </unk> AH K W AY ER D </unk> </s> </unk>
S T AA K S </unk> Y UW ZH AH L IY </unk> R AY Z </unk> W EH N </unk> DH EY </unk> ER </unk> AE D AH D </unk> T AH </unk> DH IY </unk> IH N D EH K S </unk> B IH K AH Z </unk> DH AH </unk> SH EH R Z </unk> ER </unk> B AO T </unk> T AH </unk> B AE L AH N S </unk> P AO R T F OW L IY OW Z </unk> DH AH T </unk> ER </unk> B EY S T </unk> AO N </unk> DH IY </unk> IH N D EH K S </unk> </s> </unk>
AH N D ER </unk> DH AH </unk> N Y UW </unk> F AY N AE N SH AH L </unk> S ER V AH S AH Z </unk> AE K T </unk> B R IH T IH SH </unk> R EH G Y AH L EY T ER Z </unk> AE N D </unk> DH EH R </unk> D EH Z IH G N EY T S </unk> K AH N </unk> K AH M P EH L </unk> T EH S T AH M OW N IY </unk> F ER M </unk> W IH T N AH S AH Z </unk> </s> </unk>
OW V ER AO L </unk> DH EH R </unk> AH P IH R Z </unk> T UW </unk> M AO R </unk> D IH T ER M AH N EY SH AH N </unk> T AH </unk> P AH N IH SH </unk> IH N S AY D ER </unk> T R EY D IH NG </unk> AE Z </unk> DH IY </unk> IH N V EH S T AH G EY SH AH N </unk> AH V </unk> M IH S T ER </unk> K AA L Y ER </unk> AH N </unk> IH N V EH S T M AH N T </unk> B AE NG K ER </unk> AE T </unk> M AO R G AH N </unk> G R EH N F AH L </unk> SH OW Z </unk> </s> </unk>
T AH </unk> HH EH L P </unk> IH N </unk> DH AH </unk> K AA L Y ER </unk> P R OW B </unk> DH AH </unk> G AH V ER M AH N T </unk> HH EY S AH N D </unk> IH M P L AH M EH N T EY SH AH N </unk> AH V </unk> DH IY </unk> IH N S AY D ER </unk> P R AH V IH ZH AH N Z </unk> IH N </unk> DH AH </unk> N Y UW </unk> S IH K Y UH R AH T IY Z </unk> L AO </unk> </s> </unk>
M IH S T ER </unk> W EH B S T ER </unk> W EH N T </unk> AW T </unk> AH V </unk> HH IH Z </unk> W EY </unk> T AH </unk> D IH S M IH S </unk> AE L AH G EY SH AH N Z </unk> DH AH T </unk> L UW T EH N AH N T </unk> K ER N AH L </unk> N AO R TH </unk> AO R </unk> AH DH ER Z </unk> M EY </unk> HH AE V </unk> D IH S T R OY D </unk> IH M P AO R T AH N T </unk> D AA K Y AH M AH N T S </unk> B IY F AO R </unk> IH N V EH S T AH G EY T ER Z </unk> S IH K Y UH R D </unk> DH AH M </unk> </s> </unk>
W IY </unk> HH AE V </unk> F AW N D </unk> N OW </unk> IH N D AH K EY SH AH N Z </unk> T AH </unk> D EY T </unk> DH AH T </unk> EH N IY </unk> EH V AH D AH N S </unk> W AH Z </unk> L AO S T </unk> M IH S T ER </unk> W EH B S T ER </unk> S EH D </unk> </s> </unk>
DH EH R Z </unk> N AH TH IH NG </unk> DH AH T </unk> W IY </unk> HH AE V </unk> F AW N D </unk> DH AH T </unk> IH N D IH K EY T S </unk> W IY </unk> L AO S T </unk> EH N IY TH IH NG </unk> </s> </unk>
M IH S T ER </unk> JH OY N Z </unk> W IH L </unk> OW V ER S IY </unk> DH AH </unk> K AH M P AH N IY Z </unk> AO P ER EY T IH NG </unk> Y UW N IH T S </unk> AE Z </unk> W EH L </unk> EH Z </unk> DH AH </unk> K AH M P AH N IY Z </unk> R IY S ER CH </unk> AE K T IH V AH T IY Z </unk> AE N D </unk> S T AE F </unk> S AH P AO R T </unk> S ER V AH S AH Z </unk> DH AH </unk> K AH M P AH N IY </unk> S EH D </unk> </s> </unk>
DH AH </unk> S P OW K S M AH N </unk> W UH D AH N T </unk> K AA M EH N T </unk> AE Z </unk> T UW </unk> W EH DH ER </unk> M IH S T ER </unk> JH OY N Z </unk> M AY T </unk> S AH K S IY D </unk> M IH S T ER </unk> D EY </unk> EH Z </unk> CH EH R M AH N </unk> </s> </unk>
M IH S T ER </unk> D EY </unk> M AH S T </unk> R IH T AY R </unk> AE T </unk> EY JH </unk> S IH K S T IY </unk> F AY V </unk> </s> </unk>
W EH S T IH NG HH AW S </unk> S EH D </unk> L EH S </unk> DH AH N </unk> W AH N </unk> P ER S EH N T </unk> AH V </unk> IH T S </unk> AE N Y UW AH L </unk> S EY L Z </unk> D ER AY V </unk> F ER M </unk> K AA N T R AE K T S </unk> W IH TH </unk> S AW TH </unk> AE F R IH K AH N </unk> IH L EH K T R IH S AH T IY </unk> W AH N </unk> AH V </unk> DH AH </unk> W ER L D Z </unk> L AA R JH AH S T </unk> IH L EH K T R IH K </unk> Y UW T IH L AH T IY Z </unk> </s> </unk>
F ER </unk> N AY N T IY N </unk> EY T IY </unk> S IH K S </unk> W EH S T IH NG HH AW S </unk> HH AE D </unk> S EY L Z </unk> AH V </unk> T EH N </unk> P OY N T </unk> S EH V AH N </unk> B IH L Y AH N </unk> D AO L ER Z </unk> </s> </unk>
W EH S T IH NG HH AW S </unk> HH AE Z </unk> N OW </unk> AH DH ER </unk> K AA N T R AE K T S </unk> W IH TH </unk> EY JH AH N S IY Z </unk> IH N </unk> S AW TH </unk> AE F ER K AH </unk> </s> </unk>
AE F T ER </unk> L IY V IH NG </unk> DH AH </unk> S EH N IH T </unk> IH N </unk> N AY N T IY N </unk> EY T IY </unk> N AY N </unk> M IH S T ER </unk> P R AA K S M AY R </unk> S EH D </unk> HH IY </unk> P L AE N Z </unk> T UW </unk> R IH M EY N </unk> AE K T IH V </unk> AE N D </unk> HH OW P S </unk> T UW </unk> R AY T </unk> AH N AH DH ER </unk> B UH K </unk> </s> </unk>
AY M </unk> N AA T </unk> R IY T AY ER IH NG </unk> F ER M </unk> W ER K </unk> HH IY </unk> S EH D </unk> </s> </unk>
AY M </unk> G OW IH NG </unk> T UW </unk> W ER K </unk> HH AA R D </unk> </s> </unk>
W AH T </unk> HH AE P AH N Z </unk> N AW </unk> </s> </unk>
IH T </unk> D AH Z AH N </unk> L UH K </unk> G UH D </unk> AO N </unk> AY DH ER </unk> K AW N T </unk> </s> </unk>
DH AE T S </unk> N AA T </unk> T AH </unk> S EY </unk> DH AH T </unk> HH EH L TH </unk> D AH Z AH N </unk> R IH M EY N </unk> AH N </unk> IH M P AO R T AH N T </unk> IH SH UW </unk> </s> </unk>
AE T </unk> G R EY HH AW N D </unk> W IY </unk> W OW N T </unk> HH AE V </unk> EH N IY TH IH NG </unk> DH AH T </unk> IH Z </unk> HH AA R M F AH L </unk> T UW </unk> EH M P L OY IY Z </unk> HH EH L TH </unk> AO N </unk> DH AH </unk> P R EH M IH S </unk> S EH Z </unk> JH AA N </unk> D AH B AH L Y UW </unk> T IY T S </unk> DH AH </unk> K AH M P AH N IY Z </unk> CH IY F </unk> IH G Z EH K Y AH T IH V </unk> AO F AH S ER </unk> </s> </unk>
N OW </unk> W AH N </unk> HH AH Z </unk> K AH M </unk> AW T </unk> AE N D </unk> S EH D </unk> DH IH S </unk> IH Z </unk> AH </unk> HH EH L TH IY </unk> S IH G ER EH T </unk> </s> </unk>
IH N </unk> AE M S T ER D AE M </unk> S T AA K S </unk> K L OW Z D </unk> L OW ER </unk> IH N </unk> V AA L AH T AH L </unk> T R EY D IH NG </unk> </s> </unk>
S AH L EH K T IH D </unk> IH SH UW Z </unk> EH N D IH D </unk> AO F </unk> DH EH R </unk> IH N T R AH D EY </unk> L OW Z </unk> DH OW </unk> AE F T ER </unk> W AO L </unk> S T R IY T S </unk> L OW ER </unk> OW P AH N IH NG </unk> P R UW V D </unk> L EH S </unk> S AH V IH R </unk> DH AH N </unk> S AH M </unk> D AH CH </unk> F AO R K AE S T ER Z </unk> AE N T IH S AH P EY T IH D </unk> D IY L ER Z </unk> S EH D </unk> </s> </unk>
V AA L AH T AH L </unk> T R EY D IH NG </unk> TH R UW AW T </unk> DH AH </unk> S EH SH AH N </unk> P R AH D UW S T </unk> W AY D </unk> P R AY S </unk> F L AH K CH UW EY SH AH N Z </unk> AE Z </unk> D AH CH </unk> IH N S T IH T UW SH AH N Z </unk> B AA R G AH N </unk> HH AH N T IH D </unk> W AY L </unk> OW V ER S IY Z </unk> IH N V EH S T ER Z </unk> T EH N D AH D </unk> T AH </unk> S EH L </unk> SH EH R Z </unk> </s> </unk>
B AY </unk> S EH P T EH M B ER </unk> DH AH </unk> W IY K N AH S </unk> AH V </unk> K OW AO R D AH N EY T IH D </unk> IH N T ER N AE SH AH N AH L </unk> EH F ER T S </unk> T AH </unk> P R IH V EH N T </unk> D AO L ER </unk> D IH K L AY N Z </unk> F AY N AH L IY </unk> S ER F IH S T </unk> </s> </unk>
IH N </unk> R IY S P AA N S </unk> T UW </unk> IH N K R IY S IH NG </unk> IH N F L EY SH AH N </unk> F IH R Z </unk> JH ER M AH N IY </unk> AE N D </unk> JH AH P AE N </unk> B IH G AE N </unk> T AY T N IH NG </unk> M AA N AH T EH R IY </unk> P AA L AH S IY </unk> AH N D </unk> R EY Z IH NG </unk> IH N T R AH S T </unk> R EY T S </unk> </s> </unk>
IH N </unk> AH N T AY M L IY </unk> F AE SH AH N </unk> S EH K R AH T EH R IY </unk> B EY K ER </unk> R IY AH F ER M D </unk> DH IY </unk> AE D M IH N IH S T R EY SH AH N Z </unk> IH N T EH N T </unk> T UW </unk> P R IH V EH N T </unk> D AO L ER </unk> D IH K L AY N Z </unk> </s> </unk>
IH N </unk> AE N T IH S AH P EY SH AH N </unk> AH V </unk> DH AH </unk> S AH B S T AE N SH AH L </unk> F EH D </unk> T AY T AH N IH NG </unk> DH AE T </unk> W UH D </unk> B IY </unk> N EH S AH S EH R IY </unk> T AH </unk> P R IH V EH N T </unk> D AO L ER </unk> D IH K L AY N Z </unk> Y UW </unk> EH S </unk> IH N T R IH S T </unk> R EY T S </unk> S K AY R AA K AH T IH D </unk> </s> </unk>
DH AH </unk> S IY D Z </unk> AH V </unk> M AA R K IH T </unk> D IH S K AH N T EH N T </unk> W ER </unk> S OW N </unk> </s> </unk>
HH IY </unk> K IY P S </unk> R AY V AH L Z </unk> G EH S IH NG </unk> </s> </unk>
IH N </unk> S EH P T EH M B ER </unk> M IH S T ER </unk> M AE K S W EH L </unk> B IH G AE N </unk> B AY IH NG </unk> SH EH R Z </unk> IH N </unk> G IH N AH S </unk> P IY T </unk> G R UW P </unk> P IY </unk> EH L </unk> S IY </unk> AE Z </unk> AH </unk> N Y UW </unk> Z IY L AH N D </unk> IH N V EH S T ER </unk> G R UW P </unk> W AH Z </unk> G EY N IH NG </unk> K AH N T R OW L </unk> </s> </unk>
DH AH </unk> N Y UW </unk> Z IY L AH N D ER Z </unk> W IH TH </unk> F AO R T IY </unk> P ER S EH N T </unk> AH V </unk> DH AH </unk> SH EH R Z </unk> T W AY S </unk> R IH B AH F T </unk> HH IH Z </unk> OW V ER CH UH R Z </unk> </s> </unk>
N EH V ER DH AH L EH S </unk> HH IY </unk> D IH K L EH R D </unk> AO N </unk> T IY </unk> V IY </unk> DH AH T </unk> HH IY </unk> JH AH S T </unk> M AY T </unk> B AY </unk> G IH N AH S </unk> P IY T </unk> L AA K </unk> S T AA K </unk> AE N D </unk> B AE R AH L </unk> </s> </unk>
AH </unk> F Y UW </unk> D EY Z </unk> L EY T ER </unk> HH AE V IH NG </unk> ER AW Z D </unk> M EH N IY </unk> P IY P AH L Z </unk> IH N T R AH S T </unk> HH IY </unk> R IH N AW N S T </unk> DH AE T </unk> IH N T EH N CH AH N </unk> </s> </unk>
AH </unk> L IH M AH T AH D </unk> S T R AY K </unk> T AA R G AH T IH D </unk> AE T </unk> K IY </unk> P L AE N T S </unk> AH </unk> S T R AE T AH JH IY </unk> IH N </unk> DH IY </unk> Y UW </unk> EY </unk> D AH B AH L Y UW </unk> Y UW Z D </unk> F ER </unk> AH </unk> W IY K </unk> AH G EH N S T </unk> JH IY </unk> EH M </unk> IH N </unk> N AY N T IY N </unk> EY T IY </unk> F AO R </unk> W UH D </unk> B AH F ER </unk> DH IY </unk> IH M P AE K T </unk> </s> </unk>
DH AH </unk> S IY </unk> EY </unk> D AH B AH L Y UW </unk> HH AE Z </unk> IH N D AH K EY T AH D </unk> IH T </unk> W AH L </unk> T AA R G AH T </unk> AH </unk> D IH F R AH N T </unk> AO T OW </unk> M EY K ER </unk> DH AH N </unk> DH IY </unk> Y UW </unk> EY </unk> D AH B AH L Y UW </unk> AE N D </unk> IH T </unk> HH AH Z </unk> AH </unk> W AY D ER </unk> S AH L EH K SH AH N </unk> </s> </unk>
K R AY S L ER </unk> K AO R P ER EY SH AH N </unk> IH Z </unk> N IH G OW SH IY EY T IH NG </unk> IH N </unk> K AE N AH D AH </unk> DH IH S </unk> Y IH R </unk> AO L DH OW </unk> IH T S </unk> Y UW </unk> EH S </unk> K AA N T R AE K T </unk> D AH Z AH N </unk> IH K S P AY R </unk> AH N T IH L </unk> N AY N T IY N </unk> EY T IY </unk> EY T </unk> </s> </unk>
G UH D M AH N </unk> F IY L D ER Z </unk> T EH N </unk> AH N D </unk> F AY V </unk> EY T TH S </unk> P ER S EH N T </unk> F AY V </unk> Y IH R </unk> Y UW R OW B AA N D Z </unk> W ER </unk> P R AY S T </unk> AE T </unk> W AH N </unk> HH AH N D ER D </unk> AH N D </unk> W AH N </unk> K W AO R T ER </unk> T UW </unk> Y IY L D </unk> T EH N </unk> P OY N T </unk> F AY V </unk> S IH K S </unk> P ER S EH N T </unk> </s> </unk>
DH AE T </unk> W AH Z </unk> W AH N </unk> P OY N T </unk> EY T </unk> TH R IY </unk> P OY N T S </unk> OW V ER </unk> DH IY </unk> Y IY L D </unk> AO N </unk> K AH M P EH R AH B AH L </unk> B R IH T IH SH </unk> G AH V ER N M AH N T </unk> IH SH UW Z </unk> </s> </unk>
DH AH </unk> W AY D </unk> S P R EH D </unk> AH T R AE K T AH D </unk> S T R AO NG </unk> D IH M AE N D </unk> </s> </unk>
K EH N Y AH </unk> S EH D </unk> D AH Z AH N Z </unk> AH V </unk> Y UW G AE N D AH N </unk> S OW L JH ER Z </unk> EH N T ER D </unk> IH T S </unk> T EH R IH T AO R IY </unk> AE N D </unk> K L AE SH T </unk> W IH TH </unk> P AH L IY S </unk> </s> </unk>
T UW </unk> Y UW G AE N D AH N </unk> S OW L JH ER Z </unk> W ER </unk> R IH P AO R T AH D </unk> K IH L D </unk> </s> </unk>
N AY R OW B IY </unk> W IH CH </unk> S EH D </unk> DH IY </unk> Y UW G AE N D AH N </unk> T R UW P S </unk> W ER </unk> AH N P R AH V OW K T </unk> F AY L D </unk> AH </unk> P R OW T EH S T </unk> OW V ER </unk> DH AH </unk> AH N W AO R AH N T IH D </unk> V AY AH L EY SH AH N </unk> AH V </unk> IH T S </unk> B AO R D ER </unk> </s> </unk>
S AH M </unk> R IH P AO R T ER Z </unk> W ER </unk> M AO R </unk> ER IH JH AH N AH L </unk> </s> </unk>
AH </unk> P EH R </unk> F ER M </unk> AH </unk> L OW K AH L </unk> P EY P ER </unk> AE S K T </unk> EH D S AH L </unk> IH F </unk> HH IY </unk> F EY V ER D </unk> K AH S IY N OW </unk> G AE M B L IH NG </unk> IH N </unk> D IH T R OY T </unk> AH </unk> K AA N S EH P T </unk> HH EH V AH L IY </unk> P R AH M OW T AH D </unk> B AY </unk> M EY ER </unk> K OW L M AH N </unk> Y AH NG </unk> </s> </unk>
DH AH </unk> S T R EY N JH IH S T </unk> IH N K W AY R IY </unk> L AA B D </unk> AE T </unk> B IH L </unk> W AA Z </unk> W AH T </unk> R OW L </unk> AY </unk> S AO </unk> AE T </unk> F AO R D </unk> F ER </unk> M AY </unk> D AO T ER Z </unk> HH UW </unk> ER </unk> T UW </unk> Y IH R Z </unk> OW L D </unk> AE N D </unk> T UW </unk> M AH N TH S </unk> OW L D </unk> </s> </unk>
AY </unk> TH AO T </unk> DH AE T </unk> W AH Z </unk> K AY N D </unk> AH V </unk> P AH T IH NG </unk> DH AH </unk> K AA R T </unk> B IY F AO R </unk> DH AH </unk> HH AO R S </unk> AY </unk> W AA N T </unk> T AH </unk> G EH T </unk> DH AH M </unk> AW T </unk> AH V </unk> K IH N D ER G AA R T AH N </unk> F ER S T </unk> </s> </unk>
DH IY </unk> AH K AE D AH M IY Z </unk> F IH R Z </unk> AH B AW T </unk> S AH L IH S AH T IH NG </unk> V OW T S </unk> HH AW EH V ER </unk> M EY </unk> B IY </unk> IH G Z AE JH ER EY T AH D </unk> </s> </unk>
S EH Z </unk> B UH K ER </unk> M AH K L EY </unk> AH </unk> P AH B L IH S IH S T </unk> HH UW </unk> S P EH SH AH L AY Z IH Z </unk> IH N </unk> P R AH M OW T IH NG </unk> M UW V IY Z </unk> F ER </unk> AO S K ER Z </unk> Y UW </unk> K AE N T </unk> B AY </unk> DH AH </unk> V OW T ER Z </unk> </s> </unk>
DH EH R </unk> V EH R IY </unk> IH N D IH P EH N D AH N T </unk> AE N D </unk> V EH R IY </unk> JH EY D IH D </unk> </s> </unk>
AH K AE D AH M IY </unk> M EH M B ER Z </unk> HH AE V </unk> S IY N </unk> TH AW Z AH N Z </unk> AH V </unk> P IH K CH ER Z </unk> HH IY </unk> AE D Z </unk> AE N D </unk> Y UW </unk> K AE N T </unk> HH AH S AH L </unk> DH AH M </unk> </s> </unk>
D AW </unk> P R EH Z IH D AH N T </unk> F R AE NG K </unk> P AA P AO F </unk> S EH D </unk> IH N </unk> AH </unk> S T EY T M AH N T </unk> DH AH T </unk> B OW TH </unk> P R AY S </unk> AH N D </unk> V AA L Y UW M </unk> IH N K R IY S IH Z </unk> B OW L S T ER D </unk> ER N IH NG Z </unk> </s> </unk>
DH AH </unk> K AH M P AH N IY Z </unk> S T R AO NG </unk> K AO S T </unk> K AH N T EY N M AH N T </unk> EH F ER T S </unk> AO L S OW </unk> HH EH L P T </unk> </s> </unk>
K AO S T S </unk> R IH M EY N </unk> S T EY B AH L </unk> V AA L Y UW M </unk> HH AH Z </unk> IH N K R IY S T </unk> AE N D </unk> DH EH R </unk> IH Z </unk> N OW </unk> W IY K N AH S </unk> AH P EH R AH N T </unk> IH N </unk> AY DH ER </unk> DH AH </unk> P R AA D AH K T </unk> L AY N Z </unk> AO R </unk> JH IY AH G R AE F IH K AH L </unk> EH R IY AH Z </unk> M IH S T ER </unk> P AA P AO F </unk> S EH D </unk> </s> </unk>
N EY V IY </unk> W AO R SH IH P S </unk> AE N D </unk> EH R K R AE F T </unk> S ER CH T </unk> F R ER </unk> AH </unk> M IH S IH NG </unk> Y UW </unk> EH S </unk> HH EH L IH K AA P T ER </unk> IH N </unk> DH AH </unk> S AH DH ER N </unk> P ER ZH AH N </unk> G AH L F </unk> AE Z </unk> IH R AA N </unk> AH T AE K T </unk> T UW </unk> K AH M ER SH AH L </unk> V EH S AH L Z </unk> </s> </unk>
DH AH </unk> G AH N SH IH P </unk> K EH R IY IH NG </unk> T UW </unk> K R UW </unk> M EH M B ER Z </unk> F EY L D </unk> T UW </unk> R IH T ER N </unk> T UW </unk> AH </unk> K R UW Z ER </unk> F AA L OW IH NG </unk> M AH N D EY Z </unk> R EY D Z </unk> AO N </unk> AY R EY N IY AH N </unk> OY L </unk> P L AE T F AO R M Z </unk> AH N D </unk> V EH S AH L Z </unk> </s> </unk>
DH AH </unk> P EH N T IH G AA N </unk> AO L S OW </unk> S EH D </unk> S EH V R AH L </unk> M AY N Z </unk> W ER </unk> F AW N D </unk> IH N </unk> DH IY </unk> EH R IY AH </unk> </s> </unk>
S M AO L </unk> B IH Z N AH S </unk> OW N ER Z </unk> AH S P EH SH L IY </unk> DH OW Z </unk> W IH TH </unk> OW L D ER </unk> AO R </unk> L AA R JH ER </unk> B IH Z N AH S AH Z </unk> TH IH NG K </unk> JH AO R JH </unk> B UH SH IH Z </unk> P AA L AH S IY Z </unk> W UH D </unk> B IY </unk> DH AH </unk> M OW S </unk> F EY V ER AH B AH L </unk> F ER </unk> S M AO L </unk> B IH Z N AH S </unk> </s> </unk>
B AH T </unk> DH AH </unk> V AY S </unk> P R EH Z IH D AH N T </unk> HH AA R D L IY </unk> W AH N </unk> AH </unk> R IH NG IH NG </unk> EH N D AO R S M AH N T </unk> HH IY </unk> R EY T AH D </unk> OW N L IY </unk> F AY V </unk> P OY N T </unk> EY T </unk> AO N </unk> AH </unk> S K EY L </unk> AH V </unk> T EH N </unk> </s> </unk>
AE N D </unk> AH M AH NG </unk> W IH M AH N </unk> B IH Z N AH S </unk> OW N ER Z </unk> M IH S T ER </unk> B UH SH </unk> HH AE D </unk> OW N L IY </unk> AH </unk> F AO R </unk> P OY N T </unk> EY T </unk> R EY T IH NG </unk> </s> </unk>
M IH S T ER </unk> T AA N AA K AH </unk> W AH Z </unk> AH M AH NG </unk> DH AH </unk> F ER S T </unk> S AY N T IH S </unk> T UW </unk> R EH K AH G N AY Z </unk> DH AH </unk> P AH T EH N SH AH L </unk> AH V </unk> S UW P ER K AH N D AH K T ER Z </unk> W IH CH </unk> ER </unk> S AH B S T AH N S IH Z </unk> DH AH T </unk> K AH N </unk> K AE R IY </unk> IH L EH K T R IH S AH T IY </unk> W IH DH </unk> N OW </unk> R IY Z IH S T AH N S </unk> AE N D </unk> DH AH S </unk> N OW </unk> L AO S </unk> AH V </unk> P AW ER </unk> </s> </unk>
IH F </unk> M EY D </unk> P R AE K T AH K AH L </unk> DH EY </unk> K UH D </unk> B R IH NG </unk> S P EH K T AE K Y AH L ER </unk> CH EY N JH IH Z </unk> T AH </unk> AO L M OW S T </unk> EH N IY </unk> IH L EH K T R IH K AH L </unk> P R AA D AH K T </unk> AO R </unk> P R AA S EH S </unk> </s> </unk>
DH AE T </unk> W UH D </unk> M IY N </unk> V AE S T L IY </unk> F AE S T ER </unk> AE N D </unk> M AO R </unk> EH N ER JH IY </unk> IH F IH SH AH N T </unk> P R AA D AH K S </unk> S AH CH </unk> EH Z </unk> K AH M P Y UW T ER Z </unk> K AA Z </unk> AE N D </unk> HH AW S HH OW L D </unk> AH P L AY AH N S AH Z </unk> </s> </unk>
B AH T </unk> AH N T IH L </unk> DH AH </unk> R IY S AH N T </unk> B R EY K TH R UW </unk> S UW P ER K AH N D AH K T ER Z </unk> HH AE D </unk> T AH </unk> B IY </unk> CH IH L D </unk> T UW </unk> AH </unk> HH OW P L AH S L IY </unk> L OW </unk> T EH M P ER AH CH ER </unk> T UW </unk> W ER K </unk> S OW </unk> IH K S EH P T </unk> F ER </unk> AH </unk> F Y UW </unk> AE P L AH K EY SH AH N Z </unk> DH EH R </unk> R IY L IY </unk> W AA Z </unk> N OW </unk> T EH K N AA L AH JH IY </unk> </s> </unk>
F AY N AH L IY </unk> DH EH R Z </unk> DH AH </unk> W EH L F EH R </unk> P R AA B L AH M </unk> </s> </unk>
N AA T </unk> AO L </unk> W ER K ER Z </unk> AA R </unk> EH Z </unk> L AH K IY </unk> EH Z </unk> JH OW Z AH F </unk> </s> </unk>
S AH M </unk> G IH T </unk> S IH K </unk> AO R </unk> IH N JH ER D </unk> AH N D </unk> L UW Z </unk> DH EH R </unk> JH AA B Z </unk> </s> </unk>
AH DH ER Z </unk> HH UW </unk> T ER N D </unk> DH EH R </unk> L AY F </unk> S EY V IH NG Z </unk> OW V ER </unk> T AH </unk> B R OW K ER Z </unk> IH N </unk> AO R D ER </unk> T AH </unk> G EH T </unk> HH IY R </unk> D IH S K AH V ER </unk> DH AH T </unk> P R AA M AH S AH Z </unk> AH V </unk> M AH N IY </unk> M IY L Z </unk> AH N D </unk> L AA JH IH NG </unk> W ER </unk> B OW G AH S </unk> </s> </unk>
F IH R </unk> AH V </unk> D IY P AO R T EY SH AH N </unk> P R IH V EH N T S </unk> DH AH M </unk> F ER M </unk> G OW IH N </unk> T AH </unk> DH AH </unk> P AH L IY S </unk> F ER </unk> HH EH L P </unk> </s> </unk>
DH EH R </unk> ER </unk> AH N K AH N F ER M D </unk> R IH P AO R T S </unk> AH V </unk> W ER K ER Z </unk> S T AA R V IH NG </unk> T AH </unk> D EH TH </unk> HH IY R </unk> </s> </unk>
B ER N AH P </unk> AE N D </unk> S IH M Z </unk> HH AE Z </unk> IH N T R IH S T S </unk> IH N </unk> T EH L AH K AH M Y UW N AH K EY SH AH N Z </unk> AE N D </unk> S AO F T </unk> D R IH NG K S </unk> AH M AH NG </unk> AH DH ER </unk> TH IH NG Z </unk> </s> </unk>
M IH S T ER </unk> P AO Z N ER </unk> B IY G AE N </unk> IH N V EH S T IH NG </unk> IH N </unk> IH T </unk> IH N </unk> DH IY </unk> ER L IY </unk> N AY N T IY N </unk> S EH V AH N T IY Z </unk> AE N D </unk> B AY </unk> DH IY </unk> ER L IY </unk> N AY N T IY N </unk> EY T IY Z </unk> K AH N T R OW L D </unk> M AO R </unk> DH AH N </unk> F AO R T IY </unk> P ER S EH N T </unk> AH V </unk> IH T S </unk> SH EH R Z </unk> </s> </unk>
B AH T </unk> B ER N AH P </unk> AH N D </unk> S IH M Z </unk> M AE N AH JH M AH N T </unk> W AA N T AH D </unk> N AH TH IH NG </unk> T AH </unk> D UW </unk> W IH TH </unk> IH M </unk> AE N D </unk> AE T </unk> W AH N </unk> P OY N T </unk> EY T IY N </unk> T AO P </unk> B ER N AH P </unk> AH N D </unk> S IH M Z </unk> K W IH T </unk> IH N </unk> P R OW T EH S T </unk> </s> </unk>
B AY </unk> N AY N T IY N </unk> EY T IY </unk> T UW </unk> DH AH </unk> K AH M P AH N IY Z </unk> W ER </unk> IH K S CH EY N JH IH NG </unk> S UW T S </unk> DH AH T </unk> HH AE V </unk> L IH NG G ER D </unk> IH N </unk> DH AH </unk> K AO R T S </unk> EH V ER </unk> S IH N S </unk> </s> </unk>
DH AH </unk> P AH T EH N SH AH L </unk> R IY W AO R D </unk> IH Z </unk> S IH M P L IY </unk> N AA T </unk> W ER TH </unk> DH AH </unk> R IH S K </unk> AH N </unk> EY </unk> EH M </unk> JH EH N R AH L </unk> S P OW K S M AH N </unk> S EH D </unk> </s> </unk>
IH F </unk> Y UW </unk> D IH D </unk> AH </unk> K AE SH </unk> F L OW </unk> CH AA R T </unk> IH T </unk> L UH K T </unk> AO F AH L </unk> AH N T IH L </unk> W EY </unk> AW T </unk> IH N </unk> DH AH </unk> F Y UW CH ER </unk> </s> </unk>
AH N AE K S EH P T AH B L IY </unk> AO F AH L </unk> </s> </unk>
DH IY </unk> AH P EH R AH N T </unk> IH N K AH N S IH S T AH N S IY </unk> IH Z </unk> JH AH S T AH F AY D </unk> M EY N T EY N D </unk> R AA B ER T </unk> B ER G ER </unk> SH EH V R AH L EY </unk> JH EH N R AH L </unk> M AE N AH JH ER </unk> G IH V AH N </unk> DH AH </unk> G R OW IH NG </unk> D IH F AH K AH L T IY </unk> IH N </unk> L AO N CH IH NG </unk> M AA D AH L Z </unk> IH N </unk> AH N </unk> IH N K R IY S IH NG L IY </unk> K AH M P EH T AH T IH V </unk> F IY L D </unk> </s> </unk>
IH N </unk> IH S T AE B L IH SH IH NG </unk> P R AA D AH K S </unk> W IH TH </unk> K AH N S UW M ER Z </unk> HH IY </unk> S EH D </unk> IH T S </unk> IY Z IY ER </unk> T AH </unk> F OW K AH S </unk> AE D </unk> D AO L ER Z </unk> AE N D </unk> M AA R K AH T IH NG </unk> EH F ER T S </unk> IH F </unk> DH EH R Z </unk> OW N L IY </unk> W AH N </unk> N EY M </unk> T AH </unk> P R AH M OW T </unk> </s> </unk>
SH EH V R AH L EY </unk> IH Z </unk> Y UW Z IH NG </unk> DH AH </unk> S EY M </unk> AH P R OW CH </unk> W IH DH </unk> IH T S </unk> JH IY OW </unk> L AY N </unk> AH V </unk> IH M P AO R T </unk> K AA Z </unk> DH AH T </unk> D EY B Y UW Z </unk> DH IH S </unk> F AO L </unk> </s> </unk>
AH F IH SH AH L Z </unk> AH V </unk> B OW TH </unk> S AW D IY </unk> AH R EY B IY AH </unk> AE N D </unk> T EH K S AH K OW </unk> N OW T AH D </unk> DH AH </unk> K IH NG D AH M </unk> AE N D </unk> DH AH </unk> K AH M P AH N IY </unk> HH AE V </unk> HH AE D </unk> AH N </unk> AH S OW SH IY EY SH AH N </unk> AH V </unk> M AO R </unk> DH AH N </unk> F IH F T IY </unk> Y IH R Z </unk> IH N </unk> DH AH </unk> P ER D AH K SH AH N </unk> AH V </unk> P AH T R OW L IY AH M </unk> </s> </unk>
AE N D </unk> DH EH R </unk> JH OY N T </unk> V EH N CH ER </unk> R EH P R IH Z EH N T S </unk> B AY </unk> F AA R </unk> DH AH </unk> B IH G AH S T </unk> M UW V </unk> Y EH T </unk> IH N T UW </unk> R IH F AY N IH NG </unk> AE N D </unk> M AA R K AH T IH NG </unk> B AY </unk> AH </unk> M EH M B ER </unk> AH V </unk> DH AH </unk> AO R G AH N AH Z EY SH AH N </unk> AH V </unk> P AH T R OW L IY AH M </unk> IH K S P AO R T IH NG </unk> K AH N T R IY Z </unk> </s> </unk>
DH AH </unk> JH OY N T </unk> V EH N CH ER </unk> W AH L </unk> R AE NG K </unk> T EH N TH </unk> IH N </unk> T OW T AH L </unk> G AE S AH L IY N </unk> S EY L Z </unk> IH N </unk> DH IY </unk> Y UW </unk> EH S </unk> </s> </unk>
B IH K AH Z </unk> DH IY </unk> AO T OW </unk> IH N D AH S T R IY Z </unk> G UH D </unk> T AY M Z </unk> R OW L D </unk> AA N </unk> S OW </unk> L AO NG </unk> IY CH </unk> K AH M P AH N IY </unk> AH S UW M D </unk> DH AH T </unk> W EH N </unk> DH AH </unk> K R AH N CH </unk> K EY M </unk> DH IY </unk> AH DH ER </unk> G AY </unk> W UH D </unk> G EH T </unk> HH ER T </unk> </s> </unk>
DH AE T </unk> W AH Z </unk> AH S P EH SH L IY </unk> T R UW </unk> AH V </unk> HH AO N D AH </unk> </s> </unk>
F ER </unk> Y IH R Z </unk> W AY L </unk> R AY V AH L Z </unk> D AE NG G AH L D </unk> W AH N </unk> TH AW Z AH N D </unk> F AY V </unk> HH AH N D ER D </unk> D AO L ER </unk> R IY B EY T S </unk> AE N D </unk> IH N T R IH S T </unk> F R IY </unk> L OW N Z </unk> B IH F AO R </unk> B AY ER Z </unk> HH AO N D AH </unk> S T UH D </unk> AH B AH V </unk> IH T </unk> AO L </unk> </s> </unk>
IH T </unk> EH F ER T L AH S L IY </unk> S OW L D </unk> AO L </unk> DH AH </unk> K AA Z </unk> IH T </unk> K UH D </unk> M EY K </unk> IH N </unk> DH IY </unk> Y UW </unk> EH S </unk> AH N D </unk> AO L </unk> IH T </unk> K UH D </unk> SH IH P </unk> F R AH M </unk> JH AH P AE N </unk> </s> </unk>
EH S </unk> AH N D </unk> P IY Z </unk> IH V EH N T </unk> R IH S K </unk> K AH V AH N AH N T </unk> R AE NG K IH NG Z </unk> W IH CH </unk> W ER </unk> S T AA R T AH D </unk> L AE S </unk> M AH N TH </unk> HH AE V </unk> F AY V </unk> K AE T AH G AO R IY Z </unk> </s> </unk>
IY </unk> TH R IY </unk> S T AE N D Z </unk> M IH D W EY </unk> </s> </unk>
T R EY D ER Z </unk> HH AE V </unk> S EH D </unk> DH AH T </unk> B AW AH T ER </unk> B AA N D Z </unk> W AH Z </unk> DH AH </unk> B EH S T </unk> R IY S IY V D </unk> D IY L </unk> IH N </unk> DH AH </unk> P AE S T </unk> T UW </unk> S EH SH AH N Z </unk> B IH K AH Z </unk> AH V </unk> S T R AO NG </unk> IH N V EH S T ER </unk> D IH M AE N D </unk> F ER </unk> IH V EH N T </unk> R IH S K </unk> P ER T EH K SH AH N </unk> </s> </unk>
S T IH L </unk> S AH M </unk> F IH K S T </unk> IH N K AH M </unk> AE D V AY Z ER Z </unk> AA R N T </unk> K AH N V IH N S T </unk> DH AH T </unk> DH IY Z </unk> F AH N D Z </unk> AA R </unk> AH </unk> G UH D </unk> D IY L </unk> F ER </unk> DH IY </unk> AE V R IH JH </unk> IH N V EH S T ER </unk> </s> </unk>
IH T S </unk> N AA T </unk> AH </unk> G UH D </unk> IH N V EH S M AH N T </unk> IH N </unk> DH IH S </unk> IH N V AY R AH N M AH N T </unk> S IH Z </unk> M EH R AH L AH N </unk> K OW AH N </unk> P R EH Z IH D AH N T </unk> AH V </unk> K AE P AH T AH L </unk> IH N S AY T </unk> AH </unk> B EH V ER L IY </unk> HH IH L Z </unk> K AE L AH F AO R N Y AH </unk> B AA N D </unk> T R EY D IH NG </unk> F ER M </unk> </s> </unk>
W IH DH </unk> AH </unk> P AA S AH B AH L </unk> R IY S EH SH AH N </unk> AH HH EH D </unk> W AH T </unk> IH Z </unk> AH N </unk> EH K S AH L AH N T </unk> K W AA L AH T IY </unk> L OW N </unk> T AH D EY </unk> M AY T </unk> B IY </unk> JH AH NG K </unk> T AH M AA R OW </unk> </s> </unk>
W IH TH </unk> IH N K R IY S T </unk> R IY T ER N </unk> OW V ER </unk> S IY </unk> D IY </unk> R EY T S </unk> IH Z AH N T </unk> W ER TH </unk> IH T </unk> </s> </unk>
HH IH T L ER </unk> AH N D </unk> S T AA L AH N </unk> W ER </unk> F R EH N D Z </unk> S EH Z </unk> AH N </unk> OW L D </unk> M AE N </unk> T ER N IH NG </unk> IH N </unk> AH </unk> S IY T </unk> T AH </unk> F EY S </unk> M IH S T ER </unk> S EH M IY OW N EH NG K AA V </unk> </s> </unk>
AH N AH DH ER </unk> W AO K S </unk> T AH </unk> DH AH </unk> B AE K </unk> AH V </unk> DH AH </unk> B AH S </unk> </s> </unk>
DH AH </unk> P OW L IH SH </unk> P IY P AH L </unk> N Y UW </unk> IH T </unk> L AO NG </unk> AH G OW </unk> </s> </unk>
IH T </unk> W AH Z </unk> DH AH </unk> R AH SH AH N Z </unk> </s> </unk>
