HH ER </unk> R IY L </unk> IH S T EY T </unk> K L AY AH N T S </unk> W ER </unk> B R EY S IH NG </unk> T AH </unk> S AH F ER </unk> AH N D ER </unk> AH </unk> R IH V AY Z D </unk> T AE K S </unk> K OW D </unk> P AA S AH B L IY </unk> AH </unk> HH AA R B IH N JH ER </unk> AH V </unk> HH AA R D ER </unk> T AY M Z </unk> F ER </unk> HH ER </unk> K AH M P AH N IY </unk> EH Z </unk> W EH L </unk> </s> </unk>
AH N D </unk> DH EH R </unk> W AH Z </unk> AH </unk> K AH N T IH N Y UW IH NG </unk> S T R IY M </unk> AH V </unk> F EY L Y ER Z </unk> IH N </unk> D AE L AH S IH Z </unk> D IH P R EH S T </unk> R IY L </unk> IH S T EY T </unk> AH N D </unk> EH N ER JH IY </unk> S EH K T ER Z </unk> </s> </unk>
P AW ER </unk> F AY N AE N SH AH L </unk> IH Z </unk> AH </unk> F AY N AE N SH AH L </unk> S ER V AH S AH Z </unk> K AH N S ER N </unk> DH AH T </unk> IH Z </unk> S IH K S T IY </unk> N AY N </unk> P ER S EH N T </unk> HH EH L D </unk> B AY </unk> P AW ER </unk> K AO R P ER EY SH AH N </unk> AH V </unk> K AE N AH D AH </unk> AH </unk> M AH N T R IY AO L </unk> B EY S T </unk> HH OW L D IH NG </unk> K AH M P AH N IY </unk> </s> </unk>
M AH N T R IY AO L </unk> T R AH S T K OW </unk> IH Z </unk> DH AH </unk> P EH R AH N T </unk> AH V </unk> M AH N T R IY AO L </unk> T R AH S T </unk> K AH M P AH N IY </unk> </s> </unk>
EY </unk> K AH N EY D IY AH N </unk> T R AH S T </unk> K AH M P AH N IY </unk> IH Z </unk> S IH M AH L ER </unk> T UW </unk> EY </unk> Y UW </unk> EH S </unk> S EY V IH NG Z </unk> AH N D </unk> L OW N </unk> AH S OW S IY EY SH AH N </unk> </s> </unk>
K R IH T IH K S </unk> AH V </unk> DH AH </unk> D AY R EH K T ER </unk> HH AE V </unk> AA R G Y UW D </unk> DH AH T </unk> HH IY </unk> F AA L OW D </unk> AH </unk> K AE L K Y AH L EY T AH D </unk> P AE T ER N </unk> AH V </unk> R IY M UW V IH NG </unk> HH IH M S EH L F </unk> F R AH M </unk> N AA L IH JH </unk> AH V </unk> W AH T </unk> DH AH </unk> F AO R M ER </unk> N AE SH N AH L </unk> S IH K Y UH R AH T IY </unk> K AW N S AH L </unk> S T AE F </unk> M EH M B ER </unk> W AH Z </unk> D UW IH NG </unk> </s> </unk>
M IH S T ER </unk> K EY S IY </unk> HH AH Z </unk> K AE S T </unk> HH IH M S EH L F </unk> EH Z </unk> T EY K IH NG </unk> AO R D ER Z </unk> IH N </unk> S AH M </unk> K EY S IH Z </unk> F R AH M </unk> DH AH </unk> L UW T EH N AH N T </unk> K ER N AH L </unk> AH </unk> S AO R S </unk> S EH D </unk> </s> </unk>
M AO R </unk> JH EH N ER AH L IY </unk> W IH TH IH N </unk> DH AH </unk> S IY </unk> AY </unk> EY </unk> AA P ER AH T IH V Z </unk> ER </unk> V EY G </unk> AH B AW T </unk> W AH T </unk> DH EY </unk> AH B Z ER V D </unk> AH V </unk> DH AH </unk> P R AY V AH T </unk> S AH P L AY </unk> N EH T W ER K </unk> </s> </unk>
SH AH K AA G OW </unk> S EH N T R AH L </unk> AH N D </unk> P AH S IH F IH K </unk> IH Z </unk> W AH N </unk> AH V </unk> AH </unk> S L UW </unk> AH V </unk> N Y UW </unk> R EY L R OW D Z </unk> DH AH T </unk> ER </unk> B IY IH NG </unk> K R IY EY T AH D </unk> AE Z </unk> M EY JH ER </unk> R EY L R OW D Z </unk> S EH L </unk> L AY T L IY </unk> Y UW Z D </unk> T R AE K S </unk> </s> </unk>
M AO R </unk> DH AH N </unk> W AH N </unk> HH AH N D ER D </unk> F IH F T IY </unk> AH V </unk> DH AH M </unk> HH AE V </unk> B IH N </unk> F AO R M D </unk> S IH N S </unk> N AY N T IY N </unk> EY T IY </unk> K AH M P EH R D </unk> W IH TH </unk> F AO R T IY </unk> S EH V AH N </unk> D UH R IH NG </unk> DH AH </unk> N AY N T IY N </unk> S EH V AH N T IY Z </unk> DH AH </unk> F EH D R AH L </unk> R EY L R OW D </unk> AE D M IH N IH S T R EY SH AH N </unk> S EH Z </unk> </s> </unk>
